<?xml version="1.0" encoding="ISO-8859-1" ?>
<link_info>
   <banner>TI ARM Linker PC v20.2.7.LTS</banner>
   <copyright>Copyright (c) 1996-2018 Texas Instruments Incorporated</copyright>
   <link_time>0x648fd071</link_time>
   <link_errors>0x0</link_errors>
   <output_file>gpiointerrupt_CC3220SF_LAUNCHXL_nortos_ccs.out</output_file>
   <entry_point>
      <name>resetISR</name>
      <address>0x1006861</address>
   </entry_point>
   <input_file_list>
      <input_file id="fl-2">
         <path>.\</path>
         <kind>object</kind>
         <file>gpiointerrupt.obj</file>
         <name>gpiointerrupt.obj</name>
      </input_file>
      <input_file id="fl-3">
         <path>.\syscfg\</path>
         <kind>object</kind>
         <file>ti_drivers_config.obj</file>
         <name>ti_drivers_config.obj</name>
      </input_file>
      <input_file id="fl-4">
         <path>.\</path>
         <kind>object</kind>
         <file>main_nortos.obj</file>
         <name>main_nortos.obj</name>
      </input_file>
      <input_file id="fl-d">
         <kind>object</kind>
         <file>&lt;internal&gt;</file>
         <name>&lt;internal&gt;</name>
      </input_file>
      <input_file id="fl-e">
         <path>C:\ti\simplelink_cc32xx_sdk_4_30_00_06\source\ti\drivers\lib\ccs\m4\</path>
         <kind>archive</kind>
         <file>drivers_cc32xx.a</file>
         <name>I2C.oem4</name>
      </input_file>
      <input_file id="fl-f">
         <path>C:\ti\simplelink_cc32xx_sdk_4_30_00_06\source\ti\drivers\lib\ccs\m4\</path>
         <kind>archive</kind>
         <file>drivers_cc32xx.a</file>
         <name>Timer.oem4</name>
      </input_file>
      <input_file id="fl-10">
         <path>C:\ti\simplelink_cc32xx_sdk_4_30_00_06\source\ti\drivers\lib\ccs\m4\</path>
         <kind>archive</kind>
         <file>drivers_cc32xx.a</file>
         <name>UART.oem4</name>
      </input_file>
      <input_file id="fl-11">
         <path>C:\ti\simplelink_cc32xx_sdk_4_30_00_06\source\ti\drivers\lib\ccs\m4\</path>
         <kind>archive</kind>
         <file>drivers_cc32xx.a</file>
         <name>GPIOCC32XX.oem4</name>
      </input_file>
      <input_file id="fl-12">
         <path>C:\ti\simplelink_cc32xx_sdk_4_30_00_06\source\ti\drivers\lib\ccs\m4\</path>
         <kind>archive</kind>
         <file>drivers_cc32xx.a</file>
         <name>I2CCC32XX.oem4</name>
      </input_file>
      <input_file id="fl-13">
         <path>C:\ti\simplelink_cc32xx_sdk_4_30_00_06\source\ti\drivers\lib\ccs\m4\</path>
         <kind>archive</kind>
         <file>drivers_cc32xx.a</file>
         <name>PowerCC32XX.oem4</name>
      </input_file>
      <input_file id="fl-14">
         <path>C:\ti\simplelink_cc32xx_sdk_4_30_00_06\source\ti\drivers\lib\ccs\m4\</path>
         <kind>archive</kind>
         <file>drivers_cc32xx.a</file>
         <name>PowerCC32XX_asm.oem4</name>
      </input_file>
      <input_file id="fl-15">
         <path>C:\ti\simplelink_cc32xx_sdk_4_30_00_06\source\ti\drivers\lib\ccs\m4\</path>
         <kind>archive</kind>
         <file>drivers_cc32xx.a</file>
         <name>TimerCC32XX.oem4</name>
      </input_file>
      <input_file id="fl-16">
         <path>C:\ti\simplelink_cc32xx_sdk_4_30_00_06\source\ti\drivers\lib\ccs\m4\</path>
         <kind>archive</kind>
         <file>drivers_cc32xx.a</file>
         <name>UARTCC32XX.oem4</name>
      </input_file>
      <input_file id="fl-17">
         <path>C:\ti\simplelink_cc32xx_sdk_4_30_00_06\source\ti\drivers\lib\ccs\m4\</path>
         <kind>archive</kind>
         <file>drivers_cc32xx.a</file>
         <name>List.oem4</name>
      </input_file>
      <input_file id="fl-18">
         <path>C:\ti\simplelink_cc32xx_sdk_4_30_00_06\source\ti\drivers\lib\ccs\m4\</path>
         <kind>archive</kind>
         <file>drivers_cc32xx.a</file>
         <name>RingBuf.oem4</name>
      </input_file>
      <input_file id="fl-19">
         <path>C:\ti\simplelink_cc32xx_sdk_4_30_00_06\kernel\nortos\lib\ccs\m4\</path>
         <kind>archive</kind>
         <file>nortos_cc32xx.a</file>
         <name>NoRTOS.oem4</name>
      </input_file>
      <input_file id="fl-1a">
         <path>C:\ti\simplelink_cc32xx_sdk_4_30_00_06\kernel\nortos\lib\ccs\m4\</path>
         <kind>archive</kind>
         <file>nortos_cc32xx.a</file>
         <name>SemaphoreP_nortos.oem4</name>
      </input_file>
      <input_file id="fl-1b">
         <path>C:\ti\simplelink_cc32xx_sdk_4_30_00_06\kernel\nortos\lib\ccs\m4\</path>
         <kind>archive</kind>
         <file>nortos_cc32xx.a</file>
         <name>ClockPSysTick_nortos.oem4</name>
      </input_file>
      <input_file id="fl-1c">
         <path>C:\ti\simplelink_cc32xx_sdk_4_30_00_06\kernel\nortos\lib\ccs\m4\</path>
         <kind>archive</kind>
         <file>nortos_cc32xx.a</file>
         <name>HwiPCC32XX_nortos.oem4</name>
      </input_file>
      <input_file id="fl-1d">
         <path>C:\ti\simplelink_cc32xx_sdk_4_30_00_06\kernel\nortos\lib\ccs\m4\</path>
         <kind>archive</kind>
         <file>nortos_cc32xx.a</file>
         <name>PowerCC32XX_nortos.oem4</name>
      </input_file>
      <input_file id="fl-1e">
         <path>C:\ti\simplelink_cc32xx_sdk_4_30_00_06\kernel\nortos\lib\ccs\m4\</path>
         <kind>archive</kind>
         <file>nortos_cc32xx.a</file>
         <name>startup_cc32xx_ccs.oem4</name>
      </input_file>
      <input_file id="fl-1f">
         <path>C:\ti\simplelink_cc32xx_sdk_4_30_00_06\kernel\nortos\lib\ccs\m4\</path>
         <kind>archive</kind>
         <file>nortos_cc32xx.a</file>
         <name>SwiP_nortos.oem4</name>
      </input_file>
      <input_file id="fl-20">
         <path>C:\ti\simplelink_cc32xx_sdk_4_30_00_06\kernel\nortos\lib\ccs\m4\</path>
         <kind>archive</kind>
         <file>nortos_cc32xx.a</file>
         <name>QueueP_nortos.oem4</name>
      </input_file>
      <input_file id="fl-21">
         <path>C:\ti\simplelink_cc32xx_sdk_4_30_00_06\source\ti\devices\cc32xx\driverlib\ccs\Release\</path>
         <kind>archive</kind>
         <file>driverlib.a</file>
         <name>cpu.obj</name>
      </input_file>
      <input_file id="fl-22">
         <path>C:\ti\simplelink_cc32xx_sdk_4_30_00_06\source\ti\devices\cc32xx\driverlib\ccs\Release\</path>
         <kind>archive</kind>
         <file>driverlib.a</file>
         <name>i2c.obj</name>
      </input_file>
      <input_file id="fl-23">
         <path>C:\ti\simplelink_cc32xx_sdk_4_30_00_06\source\ti\devices\cc32xx\driverlib\ccs\Release\</path>
         <kind>archive</kind>
         <file>driverlib.a</file>
         <name>interrupt.obj</name>
      </input_file>
      <input_file id="fl-24">
         <path>C:\ti\simplelink_cc32xx_sdk_4_30_00_06\source\ti\devices\cc32xx\driverlib\ccs\Release\</path>
         <kind>archive</kind>
         <file>driverlib.a</file>
         <name>pin.obj</name>
      </input_file>
      <input_file id="fl-25">
         <path>C:\ti\simplelink_cc32xx_sdk_4_30_00_06\source\ti\devices\cc32xx\driverlib\ccs\Release\</path>
         <kind>archive</kind>
         <file>driverlib.a</file>
         <name>prcm.obj</name>
      </input_file>
      <input_file id="fl-26">
         <path>C:\ti\simplelink_cc32xx_sdk_4_30_00_06\source\ti\devices\cc32xx\driverlib\ccs\Release\</path>
         <kind>archive</kind>
         <file>driverlib.a</file>
         <name>timer.obj</name>
      </input_file>
      <input_file id="fl-27">
         <path>C:\ti\simplelink_cc32xx_sdk_4_30_00_06\source\ti\devices\cc32xx\driverlib\ccs\Release\</path>
         <kind>archive</kind>
         <file>driverlib.a</file>
         <name>uart.obj</name>
      </input_file>
      <input_file id="fl-28">
         <path>C:\ti\simplelink_cc32xx_sdk_4_30_00_06\source\ti\devices\cc32xx\driverlib\ccs\Release\</path>
         <kind>archive</kind>
         <file>driverlib.a</file>
         <name>utils.obj</name>
      </input_file>
      <input_file id="fl-29">
         <path>C:\ti\simplelink_cc32xx_sdk_4_30_00_06\source\ti\devices\cc32xx\driverlib\ccs\Release\</path>
         <kind>archive</kind>
         <file>driverlib.a</file>
         <name>flash.obj</name>
      </input_file>
      <input_file id="fl-df">
         <path>C:\ti\ccs1230\ccs\tools\compiler\ti-cgt-arm_20.2.7.LTS\lib\</path>
         <kind>archive</kind>
         <file>rtsv7M4_T_le_eabi.lib</file>
         <name>snprintf.c.obj</name>
      </input_file>
      <input_file id="fl-e0">
         <path>C:\ti\ccs1230\ccs\tools\compiler\ti-cgt-arm_20.2.7.LTS\lib\</path>
         <kind>archive</kind>
         <file>rtsv7M4_T_le_eabi.lib</file>
         <name>fs_mul_t2.asm.obj</name>
      </input_file>
      <input_file id="fl-e1">
         <path>C:\ti\ccs1230\ccs\tools\compiler\ti-cgt-arm_20.2.7.LTS\lib\</path>
         <kind>archive</kind>
         <file>rtsv7M4_T_le_eabi.lib</file>
         <name>fs_toi_t2.asm.obj</name>
      </input_file>
      <input_file id="fl-e2">
         <path>C:\ti\ccs1230\ccs\tools\compiler\ti-cgt-arm_20.2.7.LTS\lib\</path>
         <kind>archive</kind>
         <file>rtsv7M4_T_le_eabi.lib</file>
         <name>i_tofs_t2.asm.obj</name>
      </input_file>
      <input_file id="fl-e3">
         <path>C:\ti\ccs1230\ccs\tools\compiler\ti-cgt-arm_20.2.7.LTS\lib\</path>
         <kind>archive</kind>
         <file>rtsv7M4_T_le_eabi.lib</file>
         <name>ll_mul_t2.asm.obj</name>
      </input_file>
      <input_file id="fl-e4">
         <path>C:\ti\ccs1230\ccs\tools\compiler\ti-cgt-arm_20.2.7.LTS\lib\</path>
         <kind>archive</kind>
         <file>rtsv7M4_T_le_eabi.lib</file>
         <name>memcpy_t2.asm.obj</name>
      </input_file>
      <input_file id="fl-e5">
         <path>C:\ti\ccs1230\ccs\tools\compiler\ti-cgt-arm_20.2.7.LTS\lib\</path>
         <kind>archive</kind>
         <file>rtsv7M4_T_le_eabi.lib</file>
         <name>ull_div_t2.asm.obj</name>
      </input_file>
      <input_file id="fl-e6">
         <path>C:\ti\ccs1230\ccs\tools\compiler\ti-cgt-arm_20.2.7.LTS\lib\</path>
         <kind>archive</kind>
         <file>rtsv7M4_T_le_eabi.lib</file>
         <name>copy_zero_init.c.obj</name>
      </input_file>
      <input_file id="fl-e7">
         <path>C:\ti\ccs1230\ccs\tools\compiler\ti-cgt-arm_20.2.7.LTS\lib\</path>
         <kind>archive</kind>
         <file>rtsv7M4_T_le_eabi.lib</file>
         <name>copy_decompress_none.c.obj</name>
      </input_file>
      <input_file id="fl-e8">
         <path>C:\ti\ccs1230\ccs\tools\compiler\ti-cgt-arm_20.2.7.LTS\lib\</path>
         <kind>archive</kind>
         <file>rtsv7M4_T_le_eabi.lib</file>
         <name>copy_decompress_lzss.c.obj</name>
      </input_file>
      <input_file id="fl-e9">
         <path>C:\ti\ccs1230\ccs\tools\compiler\ti-cgt-arm_20.2.7.LTS\lib\</path>
         <kind>archive</kind>
         <file>rtsv7M4_T_le_eabi.lib</file>
         <name>memory.c.obj</name>
      </input_file>
      <input_file id="fl-ea">
         <path>C:\ti\ccs1230\ccs\tools\compiler\ti-cgt-arm_20.2.7.LTS\lib\</path>
         <kind>archive</kind>
         <file>rtsv7M4_T_le_eabi.lib</file>
         <name>boot_cortex_m.c.obj</name>
      </input_file>
      <input_file id="fl-eb">
         <path>C:\ti\ccs1230\ccs\tools\compiler\ti-cgt-arm_20.2.7.LTS\lib\</path>
         <kind>archive</kind>
         <file>rtsv7M4_T_le_eabi.lib</file>
         <name>_printfi.c.obj</name>
      </input_file>
      <input_file id="fl-ec">
         <path>C:\ti\ccs1230\ccs\tools\compiler\ti-cgt-arm_20.2.7.LTS\lib\</path>
         <kind>archive</kind>
         <file>rtsv7M4_T_le_eabi.lib</file>
         <name>div0.asm.obj</name>
      </input_file>
      <input_file id="fl-ed">
         <path>C:\ti\ccs1230\ccs\tools\compiler\ti-cgt-arm_20.2.7.LTS\lib\</path>
         <kind>archive</kind>
         <file>rtsv7M4_T_le_eabi.lib</file>
         <name>fd_add_t2.asm.obj</name>
      </input_file>
      <input_file id="fl-ee">
         <path>C:\ti\ccs1230\ccs\tools\compiler\ti-cgt-arm_20.2.7.LTS\lib\</path>
         <kind>archive</kind>
         <file>rtsv7M4_T_le_eabi.lib</file>
         <name>fd_cmp_t2.asm.obj</name>
      </input_file>
      <input_file id="fl-ef">
         <path>C:\ti\ccs1230\ccs\tools\compiler\ti-cgt-arm_20.2.7.LTS\lib\</path>
         <kind>archive</kind>
         <file>rtsv7M4_T_le_eabi.lib</file>
         <name>fd_div_t2.asm.obj</name>
      </input_file>
      <input_file id="fl-f0">
         <path>C:\ti\ccs1230\ccs\tools\compiler\ti-cgt-arm_20.2.7.LTS\lib\</path>
         <kind>archive</kind>
         <file>rtsv7M4_T_le_eabi.lib</file>
         <name>fd_mul_t2.asm.obj</name>
      </input_file>
      <input_file id="fl-f1">
         <path>C:\ti\ccs1230\ccs\tools\compiler\ti-cgt-arm_20.2.7.LTS\lib\</path>
         <kind>archive</kind>
         <file>rtsv7M4_T_le_eabi.lib</file>
         <name>fd_toi_t2.asm.obj</name>
      </input_file>
      <input_file id="fl-f2">
         <path>C:\ti\ccs1230\ccs\tools\compiler\ti-cgt-arm_20.2.7.LTS\lib\</path>
         <kind>archive</kind>
         <file>rtsv7M4_T_le_eabi.lib</file>
         <name>i_tofd_t2.asm.obj</name>
      </input_file>
      <input_file id="fl-f3">
         <path>C:\ti\ccs1230\ccs\tools\compiler\ti-cgt-arm_20.2.7.LTS\lib\</path>
         <kind>archive</kind>
         <file>rtsv7M4_T_le_eabi.lib</file>
         <name>memset_t2.asm.obj</name>
      </input_file>
      <input_file id="fl-f4">
         <path>C:\ti\ccs1230\ccs\tools\compiler\ti-cgt-arm_20.2.7.LTS\lib\</path>
         <kind>archive</kind>
         <file>rtsv7M4_T_le_eabi.lib</file>
         <name>autoinit.c.obj</name>
      </input_file>
      <input_file id="fl-f5">
         <path>C:\ti\ccs1230\ccs\tools\compiler\ti-cgt-arm_20.2.7.LTS\lib\</path>
         <kind>archive</kind>
         <file>rtsv7M4_T_le_eabi.lib</file>
         <name>pre_init.c.obj</name>
      </input_file>
      <input_file id="fl-f6">
         <path>C:\ti\ccs1230\ccs\tools\compiler\ti-cgt-arm_20.2.7.LTS\lib\</path>
         <kind>archive</kind>
         <file>rtsv7M4_T_le_eabi.lib</file>
         <name>cpy_tbl.c.obj</name>
      </input_file>
      <input_file id="fl-f7">
         <path>C:\ti\ccs1230\ccs\tools\compiler\ti-cgt-arm_20.2.7.LTS\lib\</path>
         <kind>archive</kind>
         <file>rtsv7M4_T_le_eabi.lib</file>
         <name>exit.c.obj</name>
      </input_file>
      <input_file id="fl-f8">
         <path>C:\ti\ccs1230\ccs\tools\compiler\ti-cgt-arm_20.2.7.LTS\lib\</path>
         <kind>archive</kind>
         <file>rtsv7M4_T_le_eabi.lib</file>
         <name>_lock.c.obj</name>
      </input_file>
      <input_file id="fl-f9">
         <path>C:\ti\ccs1230\ccs\tools\compiler\ti-cgt-arm_20.2.7.LTS\lib\</path>
         <kind>archive</kind>
         <file>rtsv7M4_T_le_eabi.lib</file>
         <name>_ltoa.c.obj</name>
      </input_file>
      <input_file id="fl-fa">
         <path>C:\ti\ccs1230\ccs\tools\compiler\ti-cgt-arm_20.2.7.LTS\lib\</path>
         <kind>archive</kind>
         <file>rtsv7M4_T_le_eabi.lib</file>
         <name>args_main.c.obj</name>
      </input_file>
      <input_file id="fl-fb">
         <path>C:\ti\ccs1230\ccs\tools\compiler\ti-cgt-arm_20.2.7.LTS\lib\</path>
         <kind>archive</kind>
         <file>rtsv7M4_T_le_eabi.lib</file>
         <name>atoi.c.obj</name>
      </input_file>
      <input_file id="fl-fc">
         <path>C:\ti\ccs1230\ccs\tools\compiler\ti-cgt-arm_20.2.7.LTS\lib\</path>
         <kind>archive</kind>
         <file>rtsv7M4_T_le_eabi.lib</file>
         <name>ctype.c.obj</name>
      </input_file>
      <input_file id="fl-fd">
         <path>C:\ti\ccs1230\ccs\tools\compiler\ti-cgt-arm_20.2.7.LTS\lib\</path>
         <kind>archive</kind>
         <file>rtsv7M4_T_le_eabi.lib</file>
         <name>memccpy.c.obj</name>
      </input_file>
      <input_file id="fl-fe">
         <path>C:\ti\ccs1230\ccs\tools\compiler\ti-cgt-arm_20.2.7.LTS\lib\</path>
         <kind>archive</kind>
         <file>rtsv7M4_T_le_eabi.lib</file>
         <name>strchr.c.obj</name>
      </input_file>
      <input_file id="fl-ff">
         <path>C:\ti\ccs1230\ccs\tools\compiler\ti-cgt-arm_20.2.7.LTS\lib\</path>
         <kind>archive</kind>
         <file>rtsv7M4_T_le_eabi.lib</file>
         <name>strlen.c.obj</name>
      </input_file>
      <input_file id="fl-100">
         <path>C:\ti\ccs1230\ccs\tools\compiler\ti-cgt-arm_20.2.7.LTS\lib\</path>
         <kind>archive</kind>
         <file>rtsv7M4_T_le_eabi.lib</file>
         <name>errno.c.obj</name>
      </input_file>
      <input_file id="fl-101">
         <path>C:\ti\ccs1230\ccs\tools\compiler\ti-cgt-arm_20.2.7.LTS\lib\</path>
         <kind>archive</kind>
         <file>rtsv7M4_T_le_eabi.lib</file>
         <name>wcslen.c.obj</name>
      </input_file>
      <input_file id="fl-102">
         <path>C:\ti\ccs1230\ccs\tools\compiler\ti-cgt-arm_20.2.7.LTS\lib\</path>
         <kind>archive</kind>
         <file>rtsv7M4_T_le_eabi.lib</file>
         <name>s_frexp.c.obj</name>
      </input_file>
      <input_file id="fl-103">
         <path>C:\ti\ccs1230\ccs\tools\compiler\ti-cgt-arm_20.2.7.LTS\lib\</path>
         <kind>archive</kind>
         <file>rtsv7M4_T_le_eabi.lib</file>
         <name>s_scalbn.c.obj</name>
      </input_file>
      <input_file id="fl-104">
         <path>C:\ti\ccs1230\ccs\tools\compiler\ti-cgt-arm_20.2.7.LTS\lib\</path>
         <kind>archive</kind>
         <file>rtsv7M4_T_le_eabi.lib</file>
         <name>s_copysign.c.obj</name>
      </input_file>
   </input_file_list>
   <object_component_list>
      <object_component id="oc-3ac">
         <name>.text:__TI_printfi</name>
         <load_address>0x1000840</load_address>
         <run_address>0x1000840</run_address>
         <size>0xa4e</size>
         <input_file_ref idref="fl-eb"/>
      </object_component>
      <object_component id="oc-1da">
         <name>.text:Board_initHook</name>
         <load_address>0x100128e</load_address>
         <run_address>0x100128e</run_address>
         <size>0x2</size>
         <input_file_ref idref="fl-3"/>
      </object_component>
      <object_component id="oc-1ce">
         <name>.text:PRCMCC3200MCUInit</name>
         <load_address>0x1001290</load_address>
         <run_address>0x1001290</run_address>
         <size>0x42c</size>
         <input_file_ref idref="fl-25"/>
      </object_component>
      <object_component id="oc-79d">
         <name>.text:UARTCC32XX_open</name>
         <load_address>0x10016bc</load_address>
         <run_address>0x10016bc</run_address>
         <size>0x288</size>
         <input_file_ref idref="fl-16"/>
      </object_component>
      <object_component id="oc-537">
         <name>.text:_pconv_a</name>
         <load_address>0x1001944</load_address>
         <run_address>0x1001944</run_address>
         <size>0x268</size>
         <input_file_ref idref="fl-eb"/>
      </object_component>
      <object_component id="oc-1e8">
         <name>.text:initI2C</name>
         <load_address>0x1001bac</load_address>
         <run_address>0x1001bac</run_address>
         <size>0x250</size>
         <input_file_ref idref="fl-2"/>
      </object_component>
      <object_component id="oc-1fa">
         <name>.text:GPIO_setConfig</name>
         <load_address>0x1001dfc</load_address>
         <run_address>0x1001dfc</run_address>
         <size>0x1e4</size>
         <input_file_ref idref="fl-11"/>
      </object_component>
      <object_component id="oc-525">
         <name>.text:_pconv_g</name>
         <load_address>0x1001fe0</load_address>
         <run_address>0x1001fe0</run_address>
         <size>0x1cc</size>
         <input_file_ref idref="fl-eb"/>
      </object_component>
      <object_component id="oc-6de">
         <name>.text</name>
         <load_address>0x10021ac</load_address>
         <run_address>0x10021ac</run_address>
         <size>0x1b6</size>
         <input_file_ref idref="fl-ed"/>
      </object_component>
      <object_component id="oc-2de">
         <name>.text:I2C_init</name>
         <load_address>0x1002362</load_address>
         <run_address>0x1002362</run_address>
         <size>0x2</size>
         <input_file_ref idref="fl-e"/>
      </object_component>
      <object_component id="oc-415">
         <name>.text:PowerCC32XX_sleepPolicy</name>
         <load_address>0x1002364</load_address>
         <run_address>0x1002364</run_address>
         <size>0x19c</size>
         <input_file_ref idref="fl-1d"/>
      </object_component>
      <object_component id="oc-458">
         <name>.text:I2CCC32XX_hwiFxn</name>
         <load_address>0x1002500</load_address>
         <run_address>0x1002500</run_address>
         <size>0x148</size>
         <input_file_ref idref="fl-12"/>
      </object_component>
      <object_component id="oc-74f">
         <name>.text:parkPins</name>
         <load_address>0x1002648</load_address>
         <run_address>0x1002648</run_address>
         <size>0x148</size>
         <input_file_ref idref="fl-13"/>
      </object_component>
      <object_component id="oc-160">
         <name>.text:mainThread</name>
         <load_address>0x1002790</load_address>
         <run_address>0x1002790</run_address>
         <size>0x144</size>
         <input_file_ref idref="fl-2"/>
      </object_component>
      <object_component id="oc-531">
         <name>.text:_pconv_e</name>
         <load_address>0x10028d4</load_address>
         <run_address>0x10028d4</run_address>
         <size>0x13c</size>
         <input_file_ref idref="fl-eb"/>
      </object_component>
      <object_component id="oc-5b3">
         <name>.text:Power_sleep</name>
         <load_address>0x1002a10</load_address>
         <run_address>0x1002a10</run_address>
         <size>0x138</size>
         <input_file_ref idref="fl-13"/>
      </object_component>
      <object_component id="oc-6c4">
         <name>.text</name>
         <load_address>0x1002b48</load_address>
         <run_address>0x1002b48</run_address>
         <size>0x136</size>
         <input_file_ref idref="fl-ef"/>
      </object_component>
      <object_component id="oc-40f">
         <name>.text:PowerCC32XX_initPolicy</name>
         <load_address>0x1002c7e</load_address>
         <run_address>0x1002c7e</run_address>
         <size>0x2</size>
         <input_file_ref idref="fl-1d"/>
      </object_component>
      <object_component id="oc-840">
         <name>.text:TimerCC32XX_open</name>
         <load_address>0x1002c80</load_address>
         <run_address>0x1002c80</run_address>
         <size>0x128</size>
         <input_file_ref idref="fl-15"/>
      </object_component>
      <object_component id="oc-466">
         <name>.text:I2C_transferTimeout</name>
         <load_address>0x1002da8</load_address>
         <run_address>0x1002da8</run_address>
         <size>0x122</size>
         <input_file_ref idref="fl-e"/>
      </object_component>
      <object_component id="oc-83a">
         <name>.text:TimerCC32XX_init</name>
         <load_address>0x1002eca</load_address>
         <run_address>0x1002eca</run_address>
         <size>0x2</size>
         <input_file_ref idref="fl-15"/>
      </object_component>
      <object_component id="oc-78b">
         <name>.text:UARTCC32XX_close</name>
         <load_address>0x1002ecc</load_address>
         <run_address>0x1002ecc</run_address>
         <size>0x120</size>
         <input_file_ref idref="fl-16"/>
      </object_component>
      <object_component id="oc-6f0">
         <name>.text:fcvt</name>
         <load_address>0x1002fec</load_address>
         <run_address>0x1002fec</run_address>
         <size>0x120</size>
         <input_file_ref idref="fl-eb"/>
      </object_component>
      <object_component id="oc-20c">
         <name>.text:readTemp</name>
         <load_address>0x100310c</load_address>
         <run_address>0x100310c</run_address>
         <size>0x120</size>
         <input_file_ref idref="fl-2"/>
      </object_component>
      <object_component id="oc-6af">
         <name>.text:aligned_alloc</name>
         <load_address>0x100322c</load_address>
         <run_address>0x100322c</run_address>
         <size>0x100</size>
         <input_file_ref idref="fl-e9"/>
      </object_component>
      <object_component id="oc-2ea">
         <name>.text:I2C_open</name>
         <load_address>0x100332c</load_address>
         <run_address>0x100332c</run_address>
         <size>0xfc</size>
         <input_file_ref idref="fl-12"/>
      </object_component>
      <object_component id="oc-6bf">
         <name>.text</name>
         <load_address>0x1003428</load_address>
         <run_address>0x1003428</run_address>
         <size>0xfc</size>
         <input_file_ref idref="fl-f0"/>
      </object_component>
      <object_component id="oc-791">
         <name>.text:UARTCC32XX_control</name>
         <load_address>0x1003524</load_address>
         <run_address>0x1003524</run_address>
         <size>0xf2</size>
         <input_file_ref idref="fl-16"/>
      </object_component>
      <object_component id="oc-797">
         <name>.text:UARTCC32XX_init</name>
         <load_address>0x1003616</load_address>
         <run_address>0x1003616</run_address>
         <size>0x2</size>
         <input_file_ref idref="fl-16"/>
      </object_component>
      <object_component id="oc-490">
         <name>.text:free</name>
         <load_address>0x1003618</load_address>
         <run_address>0x1003618</run_address>
         <size>0xe4</size>
         <input_file_ref idref="fl-e9"/>
      </object_component>
      <object_component id="oc-704">
         <name>.text:scalbn</name>
         <load_address>0x10036fc</load_address>
         <run_address>0x10036fc</run_address>
         <size>0xd0</size>
         <input_file_ref idref="fl-103"/>
      </object_component>
      <object_component id="oc-7b5">
         <name>.text:UARTCC32XX_write</name>
         <load_address>0x10037cc</load_address>
         <run_address>0x10037cc</run_address>
         <size>0xca</size>
         <input_file_ref idref="fl-16"/>
      </object_component>
      <object_component id="oc-3d7">
         <name>.text:_nop</name>
         <load_address>0x1003896</load_address>
         <run_address>0x1003896</run_address>
         <size>0x2</size>
         <input_file_ref idref="fl-f8"/>
      </object_component>
      <object_component id="oc-1f4">
         <name>.text:GPIO_init</name>
         <load_address>0x1003898</load_address>
         <run_address>0x1003898</run_address>
         <size>0xc4</size>
         <input_file_ref idref="fl-11"/>
      </object_component>
      <object_component id="oc-76c">
         <name>.text:restoreParkedPins</name>
         <load_address>0x100395c</load_address>
         <run_address>0x100395c</run_address>
         <size>0xc0</size>
         <input_file_ref idref="fl-13"/>
      </object_component>
      <object_component id="oc-7a9">
         <name>.text:UARTCC32XX_readPolling</name>
         <load_address>0x1003a1c</load_address>
         <run_address>0x1003a1c</run_address>
         <size>0xba</size>
         <input_file_ref idref="fl-16"/>
      </object_component>
      <object_component id="oc-74">
         <name>.text:busFaultHandler</name>
         <load_address>0x1003ad6</load_address>
         <run_address>0x1003ad6</run_address>
         <size>0x2</size>
         <input_file_ref idref="fl-1e"/>
      </object_component>
      <object_component id="oc-94a">
         <name>.text:initHw</name>
         <load_address>0x1003ad8</load_address>
         <run_address>0x1003ad8</run_address>
         <size>0xb8</size>
         <input_file_ref idref="fl-16"/>
      </object_component>
      <object_component id="oc-a4f">
         <name>.text:readTaskCallback</name>
         <load_address>0x1003b90</load_address>
         <run_address>0x1003b90</run_address>
         <size>0xb6</size>
         <input_file_ref idref="fl-16"/>
      </object_component>
      <object_component id="oc-630">
         <name>.text:I2CCC32XX_completeTransfer</name>
         <load_address>0x1003c46</load_address>
         <run_address>0x1003c46</run_address>
         <size>0xb2</size>
         <input_file_ref idref="fl-12"/>
      </object_component>
      <object_component id="oc-51a">
         <name>.text:_ltostr</name>
         <load_address>0x1003cf8</load_address>
         <run_address>0x1003cf8</run_address>
         <size>0xb1</size>
         <input_file_ref idref="fl-eb"/>
      </object_component>
      <object_component id="oc-a3d">
         <name>.text:readTaskBlocking</name>
         <load_address>0x1003daa</load_address>
         <run_address>0x1003daa</run_address>
         <size>0xb0</size>
         <input_file_ref idref="fl-16"/>
      </object_component>
      <object_component id="oc-a43">
         <name>.text:readIsrTextBlocking</name>
         <load_address>0x1003e5a</load_address>
         <run_address>0x1003e5a</run_address>
         <size>0xae</size>
         <input_file_ref idref="fl-16"/>
      </object_component>
      <object_component id="oc-61e">
         <name>.text:I2CCC32XX_primeWriteBurst</name>
         <load_address>0x1003f08</load_address>
         <run_address>0x1003f08</run_address>
         <size>0xa8</size>
         <input_file_ref idref="fl-12"/>
      </object_component>
      <object_component id="oc-b6">
         <name>.text:IntEnable</name>
         <load_address>0x1003fb0</load_address>
         <run_address>0x1003fb0</run_address>
         <size>0xa8</size>
         <input_file_ref idref="fl-23"/>
      </object_component>
      <object_component id="oc-2bd">
         <name>.text:PowerCC32XX_configureWakeup</name>
         <load_address>0x1004058</load_address>
         <run_address>0x1004058</run_address>
         <size>0xa8</size>
         <input_file_ref idref="fl-13"/>
      </object_component>
      <object_component id="oc-a55">
         <name>.text:readIsrTextCallback</name>
         <load_address>0x1004100</load_address>
         <run_address>0x1004100</run_address>
         <size>0xa2</size>
         <input_file_ref idref="fl-16"/>
      </object_component>
      <object_component id="oc-981">
         <name>.text:writeData</name>
         <load_address>0x10041a2</load_address>
         <run_address>0x10041a2</run_address>
         <size>0xa2</size>
         <input_file_ref idref="fl-16"/>
      </object_component>
      <object_component id="oc-335">
         <name>.text:SemaphoreP_pend</name>
         <load_address>0x1004244</load_address>
         <run_address>0x1004244</run_address>
         <size>0xa0</size>
         <input_file_ref idref="fl-1a"/>
      </object_component>
      <object_component id="oc-446">
         <name>.text:I2CCC32XX_initHw</name>
         <load_address>0x10042e4</load_address>
         <run_address>0x10042e4</run_address>
         <size>0x9c</size>
         <input_file_ref idref="fl-12"/>
      </object_component>
      <object_component id="oc-3c">
         <name>.text</name>
         <load_address>0x1004380</load_address>
         <run_address>0x1004380</run_address>
         <size>0x9c</size>
         <input_file_ref idref="fl-e4"/>
      </object_component>
      <object_component id="oc-351">
         <name>.text:powerNotifyFxn</name>
         <load_address>0x100441c</load_address>
         <run_address>0x100441c</run_address>
         <size>0x98</size>
         <input_file_ref idref="fl-11"/>
      </object_component>
      <object_component id="oc-5ae">
         <name>.text</name>
         <load_address>0x10044b4</load_address>
         <run_address>0x10044b4</run_address>
         <size>0x96</size>
         <input_file_ref idref="fl-e5"/>
      </object_component>
      <object_component id="oc-4b5">
         <name>.text:clkFxn</name>
         <load_address>0x100454a</load_address>
         <run_address>0x100454a</run_address>
         <size>0x2</size>
         <input_file_ref idref="fl-1a"/>
      </object_component>
      <object_component id="oc-760">
         <name>.text:restoreNVICRegs</name>
         <load_address>0x100454c</load_address>
         <run_address>0x100454c</run_address>
         <size>0x90</size>
         <input_file_ref idref="fl-13"/>
      </object_component>
      <object_component id="oc-43a">
         <name>.text:HwiP_construct</name>
         <load_address>0x10045dc</load_address>
         <run_address>0x10045dc</run_address>
         <size>0x8c</size>
         <input_file_ref idref="fl-1c"/>
      </object_component>
      <object_component id="oc-8f6">
         <name>.text:IntPendSet</name>
         <load_address>0x1004668</load_address>
         <run_address>0x1004668</run_address>
         <size>0x88</size>
         <input_file_ref idref="fl-23"/>
      </object_component>
      <object_component id="oc-35b">
         <name>.text:PinConfigSet</name>
         <load_address>0x10046f0</load_address>
         <run_address>0x10046f0</run_address>
         <size>0x88</size>
         <input_file_ref idref="fl-24"/>
      </object_component>
      <object_component id="oc-846">
         <name>.text:TimerCC32XX_setPeriod</name>
         <load_address>0x1004778</load_address>
         <run_address>0x1004778</run_address>
         <size>0x88</size>
         <input_file_ref idref="fl-15"/>
      </object_component>
      <object_component id="oc-520">
         <name>.text:__aeabi_cdcmple</name>
         <load_address>0x1004800</load_address>
         <run_address>0x1004800</run_address>
         <size>0x86</size>
         <input_file_ref idref="fl-ee"/>
      </object_component>
      <object_component id="oc-6c9">
         <name>.text:__aeabi_cdrcmple</name>
         <load_address>0x1004886</load_address>
         <run_address>0x1004886</run_address>
         <size>0x86</size>
         <input_file_ref idref="fl-ee"/>
      </object_component>
      <object_component id="oc-1d4">
         <name>.text:Power_init</name>
         <load_address>0x100490c</load_address>
         <run_address>0x100490c</run_address>
         <size>0x84</size>
         <input_file_ref idref="fl-13"/>
      </object_component>
      <object_component id="oc-755">
         <name>.text:saveNVICRegs</name>
         <load_address>0x1004990</load_address>
         <run_address>0x1004990</run_address>
         <size>0x84</size>
         <input_file_ref idref="fl-13"/>
      </object_component>
      <object_component id="oc-361">
         <name>.text:Power_setDependency</name>
         <load_address>0x1004a14</load_address>
         <run_address>0x1004a14</run_address>
         <size>0x80</size>
         <input_file_ref idref="fl-13"/>
      </object_component>
      <object_component id="oc-a37">
         <name>.text:readIsrBinaryBlocking</name>
         <load_address>0x1004a94</load_address>
         <run_address>0x1004a94</run_address>
         <size>0x7c</size>
         <input_file_ref idref="fl-16"/>
      </object_component>
      <object_component id="oc-618">
         <name>.text:I2CCC32XX_primeReadBurst</name>
         <load_address>0x1004b10</load_address>
         <run_address>0x1004b10</run_address>
         <size>0x7a</size>
         <input_file_ref idref="fl-12"/>
      </object_component>
      <object_component id="oc-39a">
         <name>.text</name>
         <load_address>0x1004b8a</load_address>
         <run_address>0x1004b8a</run_address>
         <size>0x7a</size>
         <input_file_ref idref="fl-e0"/>
      </object_component>
      <object_component id="oc-9e">
         <name>.text</name>
         <load_address>0x1004c04</load_address>
         <run_address>0x1004c04</run_address>
         <size>0x7a</size>
         <input_file_ref idref="fl-f3"/>
      </object_component>
      <object_component id="oc-6e">
         <name>.text:defaultHandler</name>
         <load_address>0x1004c7e</load_address>
         <run_address>0x1004c7e</run_address>
         <size>0x2</size>
         <input_file_ref idref="fl-1e"/>
      </object_component>
      <object_component id="oc-385">
         <name>.text:GPIO_hwiIntFxn</name>
         <load_address>0x1004c80</load_address>
         <run_address>0x1004c80</run_address>
         <size>0x78</size>
         <input_file_ref idref="fl-11"/>
      </object_component>
      <object_component id="oc-84c">
         <name>.text:TimerCC32XX_start</name>
         <load_address>0x1004cf8</load_address>
         <run_address>0x1004cf8</run_address>
         <size>0x78</size>
         <input_file_ref idref="fl-15"/>
      </object_component>
      <object_component id="oc-a49">
         <name>.text:readIsrBinaryCallback</name>
         <load_address>0x1004d70</load_address>
         <run_address>0x1004d70</run_address>
         <size>0x78</size>
         <input_file_ref idref="fl-16"/>
      </object_component>
      <object_component id="oc-959">
         <name>.text:UARTCC32XX_hwiIntFxn</name>
         <load_address>0x1004de8</load_address>
         <run_address>0x1004de8</run_address>
         <size>0x74</size>
         <input_file_ref idref="fl-16"/>
      </object_component>
      <object_component id="oc-86d">
         <name>.text:split</name>
         <load_address>0x1004e5c</load_address>
         <run_address>0x1004e5c</run_address>
         <size>0x70</size>
         <input_file_ref idref="fl-e9"/>
      </object_component>
      <object_component id="oc-6e9">
         <name>.text:_mcpy</name>
         <load_address>0x1004ecc</load_address>
         <run_address>0x1004ecc</run_address>
         <size>0x6e</size>
         <input_file_ref idref="fl-eb"/>
      </object_component>
      <object_component id="oc-64b">
         <name>.text:I2CSupport_primeTransfer</name>
         <load_address>0x1004f3a</load_address>
         <run_address>0x1004f3a</run_address>
         <size>0x6a</size>
         <input_file_ref idref="fl-12"/>
      </object_component>
      <object_component id="oc-15">
         <name>.text:decompress:lzss:__TI_decompress_lzss</name>
         <load_address>0x1004fa4</load_address>
         <run_address>0x1004fa4</run_address>
         <size>0x68</size>
         <input_file_ref idref="fl-e8"/>
      </object_component>
      <object_component id="oc-7c1">
         <name>.text:UARTCC32XX_writeCancel</name>
         <load_address>0x100500c</load_address>
         <run_address>0x100500c</run_address>
         <size>0x66</size>
         <input_file_ref idref="fl-16"/>
      </object_component>
      <object_component id="oc-68">
         <name>.text:faultISR</name>
         <load_address>0x1005072</load_address>
         <run_address>0x1005072</run_address>
         <size>0x2</size>
         <input_file_ref idref="fl-1e"/>
      </object_component>
      <object_component id="oc-4df">
         <name>.text:PowerCC32XX_setParkState</name>
         <load_address>0x1005074</load_address>
         <run_address>0x1005074</run_address>
         <size>0x64</size>
         <input_file_ref idref="fl-13"/>
      </object_component>
      <object_component id="oc-7bb">
         <name>.text:UARTCC32XX_writePolling</name>
         <load_address>0x10050d8</load_address>
         <run_address>0x10050d8</run_address>
         <size>0x62</size>
         <input_file_ref idref="fl-16"/>
      </object_component>
      <object_component id="oc-62">
         <name>.text:nmiISR</name>
         <load_address>0x100513a</load_address>
         <run_address>0x100513a</run_address>
         <size>0x2</size>
         <input_file_ref idref="fl-1e"/>
      </object_component>
      <object_component id="oc-28b">
         <name>.text:PRCMSysResetCauseGet</name>
         <load_address>0x100513c</load_address>
         <run_address>0x100513c</run_address>
         <size>0x60</size>
         <input_file_ref idref="fl-25"/>
      </object_component>
      <object_component id="oc-200">
         <name>.text:GPIO_setCallback</name>
         <load_address>0x100519c</load_address>
         <run_address>0x100519c</run_address>
         <size>0x5c</size>
         <input_file_ref idref="fl-11"/>
      </object_component>
      <object_component id="oc-6fe">
         <name>.text:frexp</name>
         <load_address>0x10051f8</load_address>
         <run_address>0x10051f8</run_address>
         <size>0x5c</size>
         <input_file_ref idref="fl-102"/>
      </object_component>
      <object_component id="oc-8b6">
         <name>.text:sysTickInit</name>
         <load_address>0x1005254</load_address>
         <run_address>0x1005254</run_address>
         <size>0x5c</size>
         <input_file_ref idref="fl-1b"/>
      </object_component>
      <object_component id="oc-3a5">
         <name>.text:GPIO_write</name>
         <load_address>0x10052b0</load_address>
         <run_address>0x10052b0</run_address>
         <size>0x58</size>
         <input_file_ref idref="fl-11"/>
      </object_component>
      <object_component id="oc-2a4">
         <name>.text:PRCMPeripheralReset</name>
         <load_address>0x1005308</load_address>
         <run_address>0x1005308</run_address>
         <size>0x58</size>
         <input_file_ref idref="fl-25"/>
      </object_component>
      <object_component id="oc-911">
         <name>.text:Power_releaseDependency</name>
         <load_address>0x1005360</load_address>
         <run_address>0x1005360</run_address>
         <size>0x58</size>
         <input_file_ref idref="fl-13"/>
      </object_component>
      <object_component id="oc-852">
         <name>.text:TimerCC32XX_stop</name>
         <load_address>0x10053b8</load_address>
         <run_address>0x10053b8</run_address>
         <size>0x56</size>
         <input_file_ref idref="fl-15"/>
      </object_component>
      <object_component id="oc-52b">
         <name>.text:_pconv_f</name>
         <load_address>0x100540e</load_address>
         <run_address>0x100540e</run_address>
         <size>0x56</size>
         <input_file_ref idref="fl-eb"/>
      </object_component>
      <object_component id="oc-6d3">
         <name>.text:__TI_ltoa</name>
         <load_address>0x1005464</load_address>
         <run_address>0x1005464</run_address>
         <size>0x54</size>
         <input_file_ref idref="fl-f9"/>
      </object_component>
      <object_component id="oc-1ee">
         <name>.text:initTimer</name>
         <load_address>0x10054b8</load_address>
         <run_address>0x10054b8</run_address>
         <size>0x54</size>
         <input_file_ref idref="fl-2"/>
      </object_component>
      <object_component id="oc-ab4">
         <name>.text:ringBufGet</name>
         <load_address>0x100550c</load_address>
         <run_address>0x100550c</run_address>
         <size>0x54</size>
         <input_file_ref idref="fl-16"/>
      </object_component>
      <object_component id="oc-8d3">
         <name>.text:PowerCC32XX_resumeLPDS</name>
         <load_address>0x1005560</load_address>
         <run_address>0x1005560</run_address>
         <size>0x52</size>
         <input_file_ref idref="fl-14"/>
      </object_component>
      <object_component id="oc-6e3">
         <name>.text:_ecpy</name>
         <load_address>0x10055b2</load_address>
         <run_address>0x10055b2</run_address>
         <size>0x52</size>
         <input_file_ref idref="fl-eb"/>
      </object_component>
      <object_component id="oc-9b0">
         <name>.text:initHw</name>
         <load_address>0x1005604</load_address>
         <run_address>0x1005604</run_address>
         <size>0x52</size>
         <input_file_ref idref="fl-15"/>
      </object_component>
      <object_component id="oc-743">
         <name>.text</name>
         <load_address>0x1005656</load_address>
         <run_address>0x1005656</run_address>
         <size>0x2</size>
         <input_file_ref idref="fl-ec"/>
      </object_component>
      <object_component id="oc-7a">
         <name>.text:ClockP_sysTickHandler</name>
         <load_address>0x1005658</load_address>
         <run_address>0x1005658</run_address>
         <size>0x50</size>
         <input_file_ref idref="fl-1b"/>
      </object_component>
      <object_component id="oc-5ef">
         <name>.text:SemaphoreP_construct</name>
         <load_address>0x10056a8</load_address>
         <run_address>0x10056a8</run_address>
         <size>0x50</size>
         <input_file_ref idref="fl-1a"/>
      </object_component>
      <object_component id="oc-9a4">
         <name>.text:TimerCC32XX_allocateTimerResource</name>
         <load_address>0x10056f8</load_address>
         <run_address>0x10056f8</run_address>
         <size>0x50</size>
         <input_file_ref idref="fl-15"/>
      </object_component>
      <object_component id="oc-206">
         <name>.text:GPIO_enableInt</name>
         <load_address>0x1005748</load_address>
         <run_address>0x1005748</run_address>
         <size>0x4c</size>
         <input_file_ref idref="fl-11"/>
      </object_component>
      <object_component id="oc-60c">
         <name>.text:I2CCC32XX_readRecieveFifo</name>
         <load_address>0x1005794</load_address>
         <run_address>0x1005794</run_address>
         <size>0x4c</size>
         <input_file_ref idref="fl-12"/>
      </object_component>
      <object_component id="oc-8ca">
         <name>.text:PowerCC32XX_parkPin</name>
         <load_address>0x10057e0</load_address>
         <run_address>0x10057e0</run_address>
         <size>0x4c</size>
         <input_file_ref idref="fl-13"/>
      </object_component>
      <object_component id="oc-514">
         <name>.text:atoi</name>
         <load_address>0x100582c</load_address>
         <run_address>0x100582c</run_address>
         <size>0x4c</size>
         <input_file_ref idref="fl-fb"/>
      </object_component>
      <object_component id="oc-766">
         <name>.text:restorePeriphClocks</name>
         <load_address>0x1005878</load_address>
         <run_address>0x1005878</run_address>
         <size>0x4c</size>
         <input_file_ref idref="fl-13"/>
      </object_component>
      <object_component id="oc-218">
         <name>.text:snprintf</name>
         <load_address>0x10058c4</load_address>
         <run_address>0x10058c4</run_address>
         <size>0x4c</size>
         <input_file_ref idref="fl-df"/>
      </object_component>
      <object_component id="oc-8ee">
         <name>.text:FlashDisable</name>
         <load_address>0x1005910</load_address>
         <run_address>0x1005910</run_address>
         <size>0x48</size>
         <input_file_ref idref="fl-29"/>
      </object_component>
      <object_component id="oc-772">
         <name>.text:PRCMLPDSEnter</name>
         <load_address>0x1005958</load_address>
         <run_address>0x1005958</run_address>
         <size>0x48</size>
         <input_file_ref idref="fl-25"/>
      </object_component>
      <object_component id="oc-29e">
         <name>.text:PRCMPeripheralClkEnable</name>
         <load_address>0x10059a0</load_address>
         <run_address>0x10059a0</run_address>
         <size>0x48</size>
         <input_file_ref idref="fl-25"/>
      </object_component>
      <object_component id="oc-7fd">
         <name>.text:Power_releaseConstraint</name>
         <load_address>0x10059e8</load_address>
         <run_address>0x10059e8</run_address>
         <size>0x48</size>
         <input_file_ref idref="fl-13"/>
      </object_component>
      <object_component id="oc-6ce">
         <name>.text</name>
         <load_address>0x1005a30</load_address>
         <run_address>0x1005a30</run_address>
         <size>0x48</size>
         <input_file_ref idref="fl-f1"/>
      </object_component>
      <object_component id="oc-aa1">
         <name>.text:RingBuf_put</name>
         <load_address>0x1005a78</load_address>
         <run_address>0x1005a78</run_address>
         <size>0x46</size>
         <input_file_ref idref="fl-18"/>
      </object_component>
      <object_component id="oc-9aa">
         <name>.text:getPrescaler</name>
         <load_address>0x1005abe</load_address>
         <run_address>0x1005abe</run_address>
         <size>0x46</size>
         <input_file_ref idref="fl-15"/>
      </object_component>
      <object_component id="oc-699">
         <name>.text:ClockP_stop</name>
         <load_address>0x1005b04</load_address>
         <run_address>0x1005b04</run_address>
         <size>0x44</size>
         <input_file_ref idref="fl-1b"/>
      </object_component>
      <object_component id="oc-8d8">
         <name>.text:PRCMLPDSRestoreInfoSet</name>
         <load_address>0x1005b48</load_address>
         <run_address>0x1005b48</run_address>
         <size>0x44</size>
         <input_file_ref idref="fl-25"/>
      </object_component>
      <object_component id="oc-75b">
         <name>.text:PowerCC32XX_enterLPDS</name>
         <load_address>0x1005b8c</load_address>
         <run_address>0x1005b8c</run_address>
         <size>0x44</size>
         <input_file_ref idref="fl-14"/>
      </object_component>
      <object_component id="oc-341">
         <name>.text:SemaphoreP_post</name>
         <load_address>0x1005bd0</load_address>
         <run_address>0x1005bd0</run_address>
         <size>0x44</size>
         <input_file_ref idref="fl-1a"/>
      </object_component>
      <object_component id="oc-5c4">
         <name>.text:SwiP_restore</name>
         <load_address>0x1005c14</load_address>
         <run_address>0x1005c14</run_address>
         <size>0x44</size>
         <input_file_ref idref="fl-1f"/>
      </object_component>
      <object_component id="oc-2fe">
         <name>.text:Timer_init</name>
         <load_address>0x1005c58</load_address>
         <run_address>0x1005c58</run_address>
         <size>0x44</size>
         <input_file_ref idref="fl-f"/>
      </object_component>
      <object_component id="oc-2cb">
         <name>.text:UART_init</name>
         <load_address>0x1005c9c</load_address>
         <run_address>0x1005c9c</run_address>
         <size>0x44</size>
         <input_file_ref idref="fl-10"/>
      </object_component>
      <object_component id="oc-173">
         <name>.text:__TI_auto_init_nobinit_nopinit:__TI_auto_init_nobinit_nopinit</name>
         <load_address>0x1005ce0</load_address>
         <run_address>0x1005ce0</run_address>
         <size>0x44</size>
         <input_file_ref idref="fl-f4"/>
      </object_component>
      <object_component id="oc-1e2">
         <name>.text:initUART</name>
         <load_address>0x1005d24</load_address>
         <run_address>0x1005d24</run_address>
         <size>0x44</size>
         <input_file_ref idref="fl-2"/>
      </object_component>
      <object_component id="oc-a26">
         <name>.text:ClockP_construct</name>
         <load_address>0x1005d68</load_address>
         <run_address>0x1005d68</run_address>
         <size>0x40</size>
         <input_file_ref idref="fl-1b"/>
      </object_component>
      <object_component id="oc-2b6">
         <name>.text:PinModeSet</name>
         <load_address>0x1005da8</load_address>
         <run_address>0x1005da8</run_address>
         <size>0x40</size>
         <input_file_ref idref="fl-24"/>
      </object_component>
      <object_component id="oc-973">
         <name>.text:RingBuf_get</name>
         <load_address>0x1005de8</load_address>
         <run_address>0x1005de8</run_address>
         <size>0x40</size>
         <input_file_ref idref="fl-18"/>
      </object_component>
      <object_component id="oc-30a">
         <name>.text:Timer_open</name>
         <load_address>0x1005e28</load_address>
         <run_address>0x1005e28</run_address>
         <size>0x40</size>
         <input_file_ref idref="fl-f"/>
      </object_component>
      <object_component id="oc-7a3">
         <name>.text:UARTCC32XX_read</name>
         <load_address>0x1005e68</load_address>
         <run_address>0x1005e68</run_address>
         <size>0x40</size>
         <input_file_ref idref="fl-16"/>
      </object_component>
      <object_component id="oc-2d7">
         <name>.text:UART_open</name>
         <load_address>0x1005ea8</load_address>
         <run_address>0x1005ea8</run_address>
         <size>0x40</size>
         <input_file_ref idref="fl-10"/>
      </object_component>
      <object_component id="oc-6f6">
         <name>.text:_fcpy</name>
         <load_address>0x1005ee8</load_address>
         <run_address>0x1005ee8</run_address>
         <size>0x3e</size>
         <input_file_ref idref="fl-eb"/>
      </object_component>
      <object_component id="oc-4af">
         <name>.text:ClockP_destruct</name>
         <load_address>0x1005f28</load_address>
         <run_address>0x1005f28</run_address>
         <size>0x3c</size>
         <input_file_ref idref="fl-1b"/>
      </object_component>
      <object_component id="oc-804">
         <name>.text:Power_setConstraint</name>
         <load_address>0x1005f64</load_address>
         <run_address>0x1005f64</run_address>
         <size>0x3c</size>
         <input_file_ref idref="fl-13"/>
      </object_component>
      <object_component id="oc-828">
         <name>.text:TimerCC32XX_close</name>
         <load_address>0x1005fa0</load_address>
         <run_address>0x1005fa0</run_address>
         <size>0x3a</size>
         <input_file_ref idref="fl-15"/>
      </object_component>
      <object_component id="oc-5a8">
         <name>.text:getCountsRTC</name>
         <load_address>0x1005fda</load_address>
         <run_address>0x1005fda</run_address>
         <size>0x3a</size>
         <input_file_ref idref="fl-1d"/>
      </object_component>
      <object_component id="oc-778">
         <name>.text:PRCMLPDSEnterKeepDebugIf</name>
         <load_address>0x1006014</load_address>
         <run_address>0x1006014</run_address>
         <size>0x38</size>
         <input_file_ref idref="fl-25"/>
      </object_component>
      <object_component id="oc-9bc">
         <name>.text:TimerCC32XX_hwiIntFunction</name>
         <load_address>0x100604c</load_address>
         <run_address>0x100604c</run_address>
         <size>0x38</size>
         <input_file_ref idref="fl-15"/>
      </object_component>
      <object_component id="oc-dc">
         <name>.text:addToList</name>
         <load_address>0x1006084</load_address>
         <run_address>0x1006084</run_address>
         <size>0x38</size>
         <input_file_ref idref="fl-1b"/>
      </object_component>
      <object_component id="oc-5a">
         <name>.text:initVectors</name>
         <load_address>0x10060bc</load_address>
         <run_address>0x10060bc</run_address>
         <size>0x38</size>
         <input_file_ref idref="fl-1e"/>
      </object_component>
      <object_component id="oc-749">
         <name>.text:notify</name>
         <load_address>0x10060f4</load_address>
         <run_address>0x10060f4</run_address>
         <size>0x38</size>
         <input_file_ref idref="fl-13"/>
      </object_component>
      <object_component id="oc-39f">
         <name>.text</name>
         <load_address>0x100612c</load_address>
         <run_address>0x100612c</run_address>
         <size>0x38</size>
         <input_file_ref idref="fl-e1"/>
      </object_component>
      <object_component id="oc-395">
         <name>.text</name>
         <load_address>0x1006164</load_address>
         <run_address>0x1006164</run_address>
         <size>0x38</size>
         <input_file_ref idref="fl-e2"/>
      </object_component>
      <object_component id="oc-a7f">
         <name>.text:TimerControlStall</name>
         <load_address>0x100619c</load_address>
         <run_address>0x100619c</run_address>
         <size>0x36</size>
         <input_file_ref idref="fl-26"/>
      </object_component>
      <object_component id="oc-7af">
         <name>.text:UARTCC32XX_readCancel</name>
         <load_address>0x10061d2</load_address>
         <run_address>0x10061d2</run_address>
         <size>0x36</size>
         <input_file_ref idref="fl-16"/>
      </object_component>
      <object_component id="oc-596">
         <name>.text:ClockP_getTicksUntilInterrupt</name>
         <load_address>0x1006208</load_address>
         <run_address>0x1006208</run_address>
         <size>0x34</size>
         <input_file_ref idref="fl-1b"/>
      </object_component>
      <object_component id="oc-73a">
         <name>.text:ClockP_startup</name>
         <load_address>0x100623c</load_address>
         <run_address>0x100623c</run_address>
         <size>0x34</size>
         <input_file_ref idref="fl-1b"/>
      </object_component>
      <object_component id="oc-2b0">
         <name>.text:PinModeGet</name>
         <load_address>0x1006270</load_address>
         <run_address>0x1006270</run_address>
         <size>0x34</size>
         <input_file_ref idref="fl-24"/>
      </object_component>
      <object_component id="oc-917">
         <name>.text:PowerCC32XX_restoreParkState</name>
         <load_address>0x10062a4</load_address>
         <run_address>0x10062a4</run_address>
         <size>0x34</size>
         <input_file_ref idref="fl-13"/>
      </object_component>
      <object_component id="oc-99a">
         <name>.text:TimerCC32XX_freeTimerResource</name>
         <load_address>0x10062d8</load_address>
         <run_address>0x10062d8</run_address>
         <size>0x34</size>
         <input_file_ref idref="fl-15"/>
      </object_component>
      <object_component id="oc-a73">
         <name>.text:getPowerMgrId</name>
         <load_address>0x100630c</load_address>
         <run_address>0x100630c</run_address>
         <size>0x34</size>
         <input_file_ref idref="fl-15"/>
      </object_component>
      <object_component id="oc-212">
         <name>.text:setHeater</name>
         <load_address>0x1006340</load_address>
         <run_address>0x1006340</run_address>
         <size>0x34</size>
         <input_file_ref idref="fl-2"/>
      </object_component>
      <object_component id="oc-49d">
         <name>.text:ClockP_start</name>
         <load_address>0x1006374</load_address>
         <run_address>0x1006374</run_address>
         <size>0x30</size>
         <input_file_ref idref="fl-1b"/>
      </object_component>
      <object_component id="oc-8e7">
         <name>.text:PowerCC32XX_restoreParkedPin</name>
         <load_address>0x10063a4</load_address>
         <run_address>0x10063a4</run_address>
         <size>0x30</size>
         <input_file_ref idref="fl-13"/>
      </object_component>
      <object_component id="oc-3b2">
         <name>.text:_outs</name>
         <load_address>0x10063d4</load_address>
         <run_address>0x10063d4</run_address>
         <size>0x30</size>
         <input_file_ref idref="fl-df"/>
      </object_component>
      <object_component id="oc-6d9">
         <name>.text</name>
         <load_address>0x1006404</load_address>
         <run_address>0x1006404</run_address>
         <size>0x2e</size>
         <input_file_ref idref="fl-f2"/>
      </object_component>
      <object_component id="oc-938">
         <name>.text:PowerCC32XX_getParkState</name>
         <load_address>0x1006434</load_address>
         <run_address>0x1006434</run_address>
         <size>0x2c</size>
         <input_file_ref idref="fl-13"/>
      </object_component>
      <object_component id="oc-36d">
         <name>.text:HwiP_create</name>
         <load_address>0x1006460</load_address>
         <run_address>0x1006460</run_address>
         <size>0x2a</size>
         <input_file_ref idref="fl-1c"/>
      </object_component>
      <object_component id="oc-9c9">
         <name>.text:TimerLoadSet</name>
         <load_address>0x100648a</load_address>
         <run_address>0x100648a</run_address>
         <size>0x2a</size>
         <input_file_ref idref="fl-26"/>
      </object_component>
      <object_component id="oc-9c3">
         <name>.text:TimerPrescaleSet</name>
         <load_address>0x10064b4</load_address>
         <run_address>0x10064b4</run_address>
         <size>0x2a</size>
         <input_file_ref idref="fl-26"/>
      </object_component>
      <object_component id="oc-624">
         <name>.text:I2CFIFODataPutNonBlocking</name>
         <load_address>0x10064de</load_address>
         <run_address>0x10064de</run_address>
         <size>0x28</size>
         <input_file_ref idref="fl-22"/>
      </object_component>
      <object_component id="oc-2aa">
         <name>.text:PRCMPeripheralClkDisable</name>
         <load_address>0x1006508</load_address>
         <run_address>0x1006508</run_address>
         <size>0x28</size>
         <input_file_ref idref="fl-25"/>
      </object_component>
      <object_component id="oc-33b">
         <name>.text:Power_registerNotify</name>
         <load_address>0x1006530</load_address>
         <run_address>0x1006530</run_address>
         <size>0x28</size>
         <input_file_ref idref="fl-13"/>
      </object_component>
      <object_component id="oc-691">
         <name>.text:free_list_insert</name>
         <load_address>0x1006558</load_address>
         <run_address>0x1006558</run_address>
         <size>0x28</size>
         <input_file_ref idref="fl-e9"/>
      </object_component>
      <object_component id="oc-7d9">
         <name>.text:I2CFIFODataGetNonBlocking</name>
         <load_address>0x1006580</load_address>
         <run_address>0x1006580</run_address>
         <size>0x26</size>
         <input_file_ref idref="fl-22"/>
      </object_component>
      <object_component id="oc-657">
         <name>.text:I2C_cancel</name>
         <load_address>0x10065a6</load_address>
         <run_address>0x10065a6</run_address>
         <size>0x26</size>
         <input_file_ref idref="fl-e"/>
      </object_component>
      <object_component id="oc-4bf">
         <name>.text:List_put</name>
         <load_address>0x10065cc</load_address>
         <run_address>0x10065cc</run_address>
         <size>0x26</size>
         <input_file_ref idref="fl-17"/>
      </object_component>
      <object_component id="oc-a16">
         <name>.text:List_remove</name>
         <load_address>0x10065f2</load_address>
         <run_address>0x10065f2</run_address>
         <size>0x26</size>
         <input_file_ref idref="fl-17"/>
      </object_component>
      <object_component id="oc-5e5">
         <name>.text:HwiP_dispatch</name>
         <load_address>0x1006618</load_address>
         <run_address>0x1006618</run_address>
         <size>0x24</size>
         <input_file_ref idref="fl-1c"/>
      </object_component>
      <object_component id="oc-932">
         <name>.text:PowerCC32XX_reset</name>
         <load_address>0x100663c</load_address>
         <run_address>0x100663c</run_address>
         <size>0x24</size>
         <input_file_ref idref="fl-13"/>
      </object_component>
      <object_component id="oc-c6">
         <name>.text:_c_int00_noargs:_c_int00_noargs</name>
         <load_address>0x1006660</load_address>
         <run_address>0x1006660</run_address>
         <size>0x24</size>
         <input_file_ref idref="fl-ea"/>
      </object_component>
      <object_component id="oc-7e1">
         <name>.text:I2CMasterSlaveAddrSet</name>
         <load_address>0x1006684</load_address>
         <run_address>0x1006684</run_address>
         <size>0x22</size>
         <input_file_ref idref="fl-22"/>
      </object_component>
      <object_component id="oc-a0e">
         <name>.text:HwiP_destruct</name>
         <load_address>0x10066a6</load_address>
         <run_address>0x10066a6</run_address>
         <size>0x20</size>
         <input_file_ref idref="fl-1c"/>
      </object_component>
      <object_component id="oc-90b">
         <name>.text:Power_unregisterNotify</name>
         <load_address>0x10066c8</load_address>
         <run_address>0x10066c8</run_address>
         <size>0x20</size>
         <input_file_ref idref="fl-13"/>
      </object_component>
      <object_component id="oc-91e">
         <name>.text:RingBuf_peek</name>
         <load_address>0x10066e8</load_address>
         <run_address>0x10066e8</run_address>
         <size>0x20</size>
         <input_file_ref idref="fl-18"/>
      </object_component>
      <object_component id="oc-92c">
         <name>.text:getPowerMgrId</name>
         <load_address>0x1006708</load_address>
         <run_address>0x1006708</run_address>
         <size>0x20</size>
         <input_file_ref idref="fl-16"/>
      </object_component>
      <object_component id="oc-600">
         <name>.text:I2CMasterIntStatusEx</name>
         <load_address>0x1006728</load_address>
         <run_address>0x1006728</run_address>
         <size>0x1e</size>
         <input_file_ref idref="fl-22"/>
      </object_component>
      <object_component id="oc-440">
         <name>.text:SemaphoreP_constructBinary</name>
         <load_address>0x1006746</load_address>
         <run_address>0x1006746</run_address>
         <size>0x1e</size>
         <input_file_ref idref="fl-1a"/>
      </object_component>
      <object_component id="oc-9dd">
         <name>.text:TimerDisable</name>
         <load_address>0x1006764</load_address>
         <run_address>0x1006764</run_address>
         <size>0x1e</size>
         <input_file_ref idref="fl-26"/>
      </object_component>
      <object_component id="oc-9d6">
         <name>.text:TimerEnable</name>
         <load_address>0x1006782</load_address>
         <run_address>0x1006782</run_address>
         <size>0x1e</size>
         <input_file_ref idref="fl-26"/>
      </object_component>
      <object_component id="oc-8c4">
         <name>.text:PinToPadGet</name>
         <load_address>0x10067a0</load_address>
         <run_address>0x10067a0</run_address>
         <size>0x1c</size>
         <input_file_ref idref="fl-24"/>
      </object_component>
      <object_component id="oc-58a">
         <name>.text:SwiP_disable</name>
         <load_address>0x10067bc</load_address>
         <run_address>0x10067bc</run_address>
         <size>0x1c</size>
         <input_file_ref idref="fl-1f"/>
      </object_component>
      <object_component id="oc-48">
         <name>.text:decompress:ZI:__TI_zero_init_nomemset:__TI_zero_init_nomemset</name>
         <load_address>0x10067d8</load_address>
         <run_address>0x10067d8</run_address>
         <size>0x1c</size>
         <input_file_ref idref="fl-e6"/>
      </object_component>
      <object_component id="oc-68b">
         <name>.text:free_list_remove</name>
         <load_address>0x10067f4</load_address>
         <run_address>0x10067f4</run_address>
         <size>0x1c</size>
         <input_file_ref idref="fl-e9"/>
      </object_component>
      <object_component id="oc-53d">
         <name>.text:memccpy</name>
         <load_address>0x1006810</load_address>
         <run_address>0x1006810</run_address>
         <size>0x1c</size>
         <input_file_ref idref="fl-fd"/>
      </object_component>
      <object_component id="oc-944">
         <name>.text:ClockP_create</name>
         <load_address>0x100682c</load_address>
         <run_address>0x100682c</run_address>
         <size>0x1a</size>
         <input_file_ref idref="fl-1b"/>
      </object_component>
      <object_component id="oc-31d">
         <name>.text:SemaphoreP_createBinary</name>
         <load_address>0x1006846</load_address>
         <run_address>0x1006846</run_address>
         <size>0x1a</size>
         <input_file_ref idref="fl-1a"/>
      </object_component>
      <object_component id="oc-22">
         <name>.text:resetISR</name>
         <load_address>0x1006860</load_address>
         <run_address>0x1006860</run_address>
         <size>0x1a</size>
         <input_file_ref idref="fl-1e"/>
      </object_component>
      <object_component id="oc-818">
         <name>.text:I2CMasterBusBusy</name>
         <load_address>0x100687a</load_address>
         <run_address>0x100687a</run_address>
         <size>0x18</size>
         <input_file_ref idref="fl-22"/>
      </object_component>
      <object_component id="oc-612">
         <name>.text:I2CMasterIntDisableEx</name>
         <load_address>0x1006892</load_address>
         <run_address>0x1006892</run_address>
         <size>0x18</size>
         <input_file_ref idref="fl-22"/>
      </object_component>
      <object_component id="oc-7f3">
         <name>.text:I2CMasterIntEnableEx</name>
         <load_address>0x10068aa</load_address>
         <run_address>0x10068aa</run_address>
         <size>0x18</size>
         <input_file_ref idref="fl-22"/>
      </object_component>
      <object_component id="oc-812">
         <name>.text:I2CRxFIFOFlush</name>
         <load_address>0x10068c2</load_address>
         <run_address>0x10068c2</run_address>
         <size>0x18</size>
         <input_file_ref idref="fl-22"/>
      </object_component>
      <object_component id="oc-80c">
         <name>.text:I2CTxFIFOFlush</name>
         <load_address>0x10068da</load_address>
         <run_address>0x10068da</run_address>
         <size>0x18</size>
         <input_file_ref idref="fl-22"/>
      </object_component>
      <object_component id="oc-59c">
         <name>.text:Power_getTransitionLatency</name>
         <load_address>0x10068f4</load_address>
         <run_address>0x10068f4</run_address>
         <size>0x18</size>
         <input_file_ref idref="fl-13"/>
      </object_component>
      <object_component id="oc-85d">
         <name>.text:Power_idleFunc</name>
         <load_address>0x100690c</load_address>
         <run_address>0x100690c</run_address>
         <size>0x18</size>
         <input_file_ref idref="fl-13"/>
      </object_component>
      <object_component id="oc-834">
         <name>.text:TimerCC32XX_getCount</name>
         <load_address>0x1006924</load_address>
         <run_address>0x1006924</run_address>
         <size>0x18</size>
         <input_file_ref idref="fl-15"/>
      </object_component>
      <object_component id="oc-9e3">
         <name>.text:TimerIntDisable</name>
         <load_address>0x100693c</load_address>
         <run_address>0x100693c</run_address>
         <size>0x18</size>
         <input_file_ref idref="fl-26"/>
      </object_component>
      <object_component id="oc-9d0">
         <name>.text:TimerIntEnable</name>
         <load_address>0x1006954</load_address>
         <run_address>0x1006954</run_address>
         <size>0x18</size>
         <input_file_ref idref="fl-26"/>
      </object_component>
      <object_component id="oc-97b">
         <name>.text:UARTBusy</name>
         <load_address>0x100696c</load_address>
         <run_address>0x100696c</run_address>
         <size>0x18</size>
         <input_file_ref idref="fl-27"/>
      </object_component>
      <object_component id="oc-a6a">
         <name>.text:UARTIntEnable</name>
         <load_address>0x1006984</load_address>
         <run_address>0x1006984</run_address>
         <size>0x18</size>
         <input_file_ref idref="fl-27"/>
      </object_component>
      <object_component id="oc-2d1">
         <name>.text:UART_Params_init</name>
         <load_address>0x100699c</load_address>
         <run_address>0x100699c</run_address>
         <size>0x18</size>
         <input_file_ref idref="fl-10"/>
      </object_component>
      <object_component id="oc-3b8">
         <name>.text:_outc</name>
         <load_address>0x10069b4</load_address>
         <run_address>0x10069b4</run_address>
         <size>0x18</size>
         <input_file_ref idref="fl-df"/>
      </object_component>
      <object_component id="oc-227">
         <name>.text:gpioButtonFxn0</name>
         <load_address>0x10069cc</load_address>
         <run_address>0x10069cc</run_address>
         <size>0x18</size>
         <input_file_ref idref="fl-2"/>
      </object_component>
      <object_component id="oc-22d">
         <name>.text:gpioButtonFxn1</name>
         <load_address>0x10069e4</load_address>
         <run_address>0x10069e4</run_address>
         <size>0x18</size>
         <input_file_ref idref="fl-2"/>
      </object_component>
      <object_component id="oc-5b9">
         <name>.text</name>
         <load_address>0x10069fc</load_address>
         <run_address>0x10069fc</run_address>
         <size>0x18</size>
         <input_file_ref idref="fl-e3"/>
      </object_component>
      <object_component id="oc-316">
         <name>.text:timerCallback</name>
         <load_address>0x1006a14</load_address>
         <run_address>0x1006a14</run_address>
         <size>0x18</size>
         <input_file_ref idref="fl-2"/>
      </object_component>
      <object_component id="oc-7ed">
         <name>.text:I2CMasterBurstLengthSet</name>
         <load_address>0x1006a2c</load_address>
         <run_address>0x1006a2c</run_address>
         <size>0x16</size>
         <input_file_ref idref="fl-22"/>
      </object_component>
      <object_component id="oc-298">
         <name>.text:PRCMHIBRegRead</name>
         <load_address>0x1006a42</load_address>
         <run_address>0x1006a42</run_address>
         <size>0x16</size>
         <input_file_ref idref="fl-25"/>
      </object_component>
      <object_component id="oc-292">
         <name>.text:PRCMHIBRegWrite</name>
         <load_address>0x1006a58</load_address>
         <run_address>0x1006a58</run_address>
         <size>0x16</size>
         <input_file_ref idref="fl-25"/>
      </object_component>
      <object_component id="oc-485">
         <name>.text:SemaphoreP_create</name>
         <load_address>0x1006a6e</load_address>
         <run_address>0x1006a6e</run_address>
         <size>0x16</size>
         <input_file_ref idref="fl-1a"/>
      </object_component>
      <object_component id="oc-70a">
         <name>.text:strchr</name>
         <load_address>0x1006a84</load_address>
         <run_address>0x1006a84</run_address>
         <size>0x16</size>
         <input_file_ref idref="fl-fe"/>
      </object_component>
      <object_component id="oc-a4">
         <name>.text:CPUcpsid</name>
         <load_address>0x1006a9a</load_address>
         <run_address>0x1006a9a</run_address>
         <size>0x14</size>
         <input_file_ref idref="fl-21"/>
      </object_component>
      <object_component id="oc-4c6">
         <name>.text:HwiP_inISR</name>
         <load_address>0x1006ab0</load_address>
         <run_address>0x1006ab0</run_address>
         <size>0x14</size>
         <input_file_ref idref="fl-1c"/>
      </object_component>
      <object_component id="oc-820">
         <name>.text:I2CSupport_masterFinish</name>
         <load_address>0x1006ac4</load_address>
         <run_address>0x1006ac4</run_address>
         <size>0x14</size>
         <input_file_ref idref="fl-12"/>
      </object_component>
      <object_component id="oc-2f0">
         <name>.text:I2C_transfer</name>
         <load_address>0x1006ad8</load_address>
         <run_address>0x1006ad8</run_address>
         <size>0x14</size>
         <input_file_ref idref="fl-e"/>
      </object_component>
      <object_component id="oc-b0">
         <name>.text:IntVTableBaseSet</name>
         <load_address>0x1006aec</load_address>
         <run_address>0x1006aec</run_address>
         <size>0x14</size>
         <input_file_ref idref="fl-23"/>
      </object_component>
      <object_component id="oc-4cc">
         <name>.text:Power_disablePolicy</name>
         <load_address>0x1006b00</load_address>
         <run_address>0x1006b00</run_address>
         <size>0x14</size>
         <input_file_ref idref="fl-13"/>
      </object_component>
      <object_component id="oc-8e0">
         <name>.text:Power_getDependencyCount</name>
         <load_address>0x1006b14</load_address>
         <run_address>0x1006b14</run_address>
         <size>0x14</size>
         <input_file_ref idref="fl-13"/>
      </object_component>
      <object_component id="oc-a64">
         <name>.text:releasePowerConstraint</name>
         <load_address>0x1006b28</load_address>
         <run_address>0x1006b28</run_address>
         <size>0x14</size>
         <input_file_ref idref="fl-16"/>
      </object_component>
      <object_component id="oc-50e">
         <name>.text:strlen</name>
         <load_address>0x1006b3c</load_address>
         <run_address>0x1006b3c</run_address>
         <size>0x14</size>
         <input_file_ref idref="fl-ff"/>
      </object_component>
      <object_component id="oc-367">
         <name>.text:HwiP_Params_init</name>
         <load_address>0x1006b50</load_address>
         <run_address>0x1006b50</run_address>
         <size>0x12</size>
         <input_file_ref idref="fl-1c"/>
      </object_component>
      <object_component id="oc-606">
         <name>.text:I2CMasterIntClearEx</name>
         <load_address>0x1006b62</load_address>
         <run_address>0x1006b62</run_address>
         <size>0x12</size>
         <input_file_ref idref="fl-22"/>
      </object_component>
      <object_component id="oc-926">
         <name>.text:RingBuf_construct</name>
         <load_address>0x1006b74</load_address>
         <run_address>0x1006b74</run_address>
         <size>0x12</size>
         <input_file_ref idref="fl-18"/>
      </object_component>
      <object_component id="oc-a87">
         <name>.text:TimerIntClear</name>
         <load_address>0x1006b86</load_address>
         <run_address>0x1006b86</run_address>
         <size>0x12</size>
         <input_file_ref idref="fl-26"/>
      </object_component>
      <object_component id="oc-11b">
         <name>.text:main</name>
         <load_address>0x1006b98</load_address>
         <run_address>0x1006b98</run_address>
         <size>0x12</size>
         <input_file_ref idref="fl-4"/>
      </object_component>
      <object_component id="oc-543">
         <name>.text:wcslen</name>
         <load_address>0x1006baa</load_address>
         <run_address>0x1006baa</run_address>
         <size>0x12</size>
         <input_file_ref idref="fl-101"/>
      </object_component>
      <object_component id="oc-154">
         <name>.text:Board_init</name>
         <load_address>0x1006bbc</load_address>
         <run_address>0x1006bbc</run_address>
         <size>0x10</size>
         <input_file_ref idref="fl-3"/>
      </object_component>
      <object_component id="oc-497">
         <name>.text:ClockP_add</name>
         <load_address>0x1006bcc</load_address>
[...]
         <value>0x1006c2d</value>
         <object_component_ref idref="oc-329"/>
      </symbol>
      <symbol id="sm-b15">
         <name>HwiP_disableInterrupt</name>
         <value>0x1006cb9</value>
         <object_component_ref idref="oc-645"/>
      </symbol>
      <symbol id="sm-b45">
         <name>PowerCC32XX_initPolicy</name>
         <value>0x1002c7f</value>
         <object_component_ref idref="oc-40f"/>
      </symbol>
      <symbol id="sm-b46">
         <name>PowerCC32XX_sleepPolicy</name>
         <value>0x1002365</value>
         <object_component_ref idref="oc-415"/>
      </symbol>
      <symbol id="sm-b9b">
         <name>resetISR</name>
         <value>0x1006861</value>
         <object_component_ref idref="oc-22"/>
      </symbol>
      <symbol id="sm-b9c">
         <name>resetVectorAddr</name>
         <value>0x1006874</value>
         <object_component_ref idref="oc-22"/>
      </symbol>
      <symbol id="sm-b9d">
         <name>initVectors</name>
         <value>0x10060bd</value>
         <object_component_ref idref="oc-5a"/>
      </symbol>
      <symbol id="sm-b9e">
         <name>resetVectors</name>
         <value>0x1000800</value>
         <object_component_ref idref="oc-28"/>
      </symbol>
      <symbol id="sm-bce">
         <name>SwiP_disable</name>
         <value>0x10067bd</value>
         <object_component_ref idref="oc-58a"/>
      </symbol>
      <symbol id="sm-bcf">
         <name>SwiP_restore</name>
         <value>0x1005c15</value>
         <object_component_ref idref="oc-5c4"/>
      </symbol>
      <symbol id="sm-bda">
         <name>CPUcpsid</name>
         <value>0x1006a9b</value>
         <object_component_ref idref="oc-a4"/>
      </symbol>
      <symbol id="sm-c47">
         <name>I2CRxFIFOFlush</name>
         <value>0x10068c3</value>
         <object_component_ref idref="oc-812"/>
      </symbol>
      <symbol id="sm-c48">
         <name>I2CTxFIFOFlush</name>
         <value>0x10068db</value>
         <object_component_ref idref="oc-80c"/>
      </symbol>
      <symbol id="sm-c49">
         <name>I2CFIFODataPutNonBlocking</name>
         <value>0x10064df</value>
         <object_component_ref idref="oc-624"/>
      </symbol>
      <symbol id="sm-c4a">
         <name>I2CMasterBusBusy</name>
         <value>0x100687b</value>
         <object_component_ref idref="oc-818"/>
      </symbol>
      <symbol id="sm-c4b">
         <name>I2CMasterIntDisableEx</name>
         <value>0x1006893</value>
         <object_component_ref idref="oc-612"/>
      </symbol>
      <symbol id="sm-c4c">
         <name>I2CMasterBurstLengthSet</name>
         <value>0x1006a2d</value>
         <object_component_ref idref="oc-7ed"/>
      </symbol>
      <symbol id="sm-c4d">
         <name>I2CMasterIntClearEx</name>
         <value>0x1006b63</value>
         <object_component_ref idref="oc-606"/>
      </symbol>
      <symbol id="sm-c4e">
         <name>I2CMasterSlaveAddrSet</name>
         <value>0x1006685</value>
         <object_component_ref idref="oc-7e1"/>
      </symbol>
      <symbol id="sm-c4f">
         <name>I2CMasterIntEnableEx</name>
         <value>0x10068ab</value>
         <object_component_ref idref="oc-7f3"/>
      </symbol>
      <symbol id="sm-c50">
         <name>I2CFIFOStatus</name>
         <value>0x1006c3d</value>
         <object_component_ref idref="oc-62a"/>
      </symbol>
      <symbol id="sm-c51">
         <name>I2CMasterIntStatusEx</name>
         <value>0x1006729</value>
         <object_component_ref idref="oc-600"/>
      </symbol>
      <symbol id="sm-c52">
         <name>I2CFIFODataGetNonBlocking</name>
         <value>0x1006581</value>
         <object_component_ref idref="oc-7d9"/>
      </symbol>
      <symbol id="sm-c97">
         <name>IntVTableBaseSet</name>
         <value>0x1006aed</value>
         <object_component_ref idref="oc-b0"/>
      </symbol>
      <symbol id="sm-c98">
         <name>IntEnable</name>
         <value>0x1003fb1</value>
         <object_component_ref idref="oc-b6"/>
      </symbol>
      <symbol id="sm-c99">
         <name>IntMasterDisable</name>
         <value>0x1006d5d</value>
         <object_component_ref idref="oc-54"/>
      </symbol>
      <symbol id="sm-c9a">
         <name>IntPendSet</name>
         <value>0x1004669</value>
         <object_component_ref idref="oc-8f6"/>
      </symbol>
      <symbol id="sm-cd4">
         <name>PinModeGet</name>
         <value>0x1006271</value>
         <object_component_ref idref="oc-2b0"/>
      </symbol>
      <symbol id="sm-cd5">
         <name>PinConfigSet</name>
         <value>0x10046f1</value>
         <object_component_ref idref="oc-35b"/>
      </symbol>
      <symbol id="sm-cd6">
         <name>PinModeSet</name>
         <value>0x1005da9</value>
         <object_component_ref idref="oc-2b6"/>
      </symbol>
      <symbol id="sm-cd7">
         <name>PinToPadGet</name>
         <value>0x10067a1</value>
         <object_component_ref idref="oc-8c4"/>
      </symbol>
      <symbol id="sm-da0">
         <name>PRCMLPDSRestoreInfoSet</name>
         <value>0x1005b49</value>
         <object_component_ref idref="oc-8d8"/>
      </symbol>
      <symbol id="sm-da1">
         <name>PRCMPeripheralReset</name>
         <value>0x1005309</value>
         <object_component_ref idref="oc-2a4"/>
      </symbol>
      <symbol id="sm-da2">
         <name>PRCMLPDSEnter</name>
         <value>0x1005959</value>
         <object_component_ref idref="oc-772"/>
      </symbol>
      <symbol id="sm-da3">
         <name>PRCMPeripheralClkEnable</name>
         <value>0x10059a1</value>
         <object_component_ref idref="oc-29e"/>
      </symbol>
      <symbol id="sm-da4">
         <name>PRCMLPDSEnterKeepDebugIf</name>
         <value>0x1006015</value>
         <object_component_ref idref="oc-778"/>
      </symbol>
      <symbol id="sm-da5">
         <name>PRCMCC3200MCUInit</name>
         <value>0x1001291</value>
         <object_component_ref idref="oc-1ce"/>
      </symbol>
      <symbol id="sm-da6">
         <name>PRCMHIBRegWrite</name>
         <value>0x1006a59</value>
         <object_component_ref idref="oc-292"/>
      </symbol>
      <symbol id="sm-da7">
         <name>PRCMSysResetCauseGet</name>
         <value>0x100513d</value>
         <object_component_ref idref="oc-28b"/>
      </symbol>
      <symbol id="sm-da8">
         <name>PRCMPeripheralClkDisable</name>
         <value>0x1006509</value>
         <object_component_ref idref="oc-2aa"/>
      </symbol>
      <symbol id="sm-da9">
         <name>PRCMHIBRegRead</name>
         <value>0x1006a43</value>
         <object_component_ref idref="oc-298"/>
      </symbol>
      <symbol id="sm-df1">
         <name>TimerLoadSet</name>
         <value>0x100648b</value>
         <object_component_ref idref="oc-9c9"/>
      </symbol>
      <symbol id="sm-df2">
         <name>TimerDisable</name>
         <value>0x1006765</value>
         <object_component_ref idref="oc-9dd"/>
      </symbol>
      <symbol id="sm-df3">
         <name>TimerEnable</name>
         <value>0x1006783</value>
         <object_component_ref idref="oc-9d6"/>
      </symbol>
      <symbol id="sm-df4">
         <name>TimerIntDisable</name>
         <value>0x100693d</value>
         <object_component_ref idref="oc-9e3"/>
      </symbol>
      <symbol id="sm-df5">
         <name>TimerPrescaleSet</name>
         <value>0x10064b5</value>
         <object_component_ref idref="oc-9c3"/>
      </symbol>
      <symbol id="sm-df6">
         <name>TimerControlStall</name>
         <value>0x100619d</value>
         <object_component_ref idref="oc-a7f"/>
      </symbol>
      <symbol id="sm-df7">
         <name>TimerIntEnable</name>
         <value>0x1006955</value>
         <object_component_ref idref="oc-9d0"/>
      </symbol>
      <symbol id="sm-df8">
         <name>TimerIntClear</name>
         <value>0x1006b87</value>
         <object_component_ref idref="oc-a87"/>
      </symbol>
      <symbol id="sm-e0c">
         <name>UARTBusy</name>
         <value>0x100696d</value>
         <object_component_ref idref="oc-97b"/>
      </symbol>
      <symbol id="sm-e0d">
         <name>UARTIntEnable</name>
         <value>0x1006985</value>
         <object_component_ref idref="oc-a6a"/>
      </symbol>
      <symbol id="sm-e11">
         <name>UtilsDelay</name>
         <value>0x1006db7</value>
         <object_component_ref idref="oc-291"/>
      </symbol>
      <symbol id="sm-e21">
         <name>FlashDisable</name>
         <value>0x1005911</value>
         <object_component_ref idref="oc-8ee"/>
      </symbol>
      <symbol id="sm-e50">
         <name>snprintf</name>
         <value>0x10058c5</value>
         <object_component_ref idref="oc-218"/>
      </symbol>
      <symbol id="sm-e5a">
         <name>__aeabi_fmul</name>
         <value>0x1004b8b</value>
         <object_component_ref idref="oc-39a"/>
      </symbol>
      <symbol id="sm-e64">
         <name>__aeabi_f2iz</name>
         <value>0x100612d</value>
         <object_component_ref idref="oc-39f"/>
      </symbol>
      <symbol id="sm-e6f">
         <name>__aeabi_i2f</name>
         <value>0x1006165</value>
         <object_component_ref idref="oc-395"/>
      </symbol>
      <symbol id="sm-e78">
         <name>__aeabi_lmul</name>
         <value>0x10069fd</value>
         <object_component_ref idref="oc-5b9"/>
      </symbol>
      <symbol id="sm-e93">
         <name>memcpy</name>
         <value>0x1004381</value>
         <object_component_ref idref="oc-3c"/>
      </symbol>
      <symbol id="sm-e94">
         <name>__aeabi_memcpy</name>
         <value>0x1004381</value>
         <object_component_ref idref="oc-3c"/>
      </symbol>
      <symbol id="sm-e95">
         <name>__aeabi_memcpy8</name>
         <value>0x1004381</value>
         <object_component_ref idref="oc-3c"/>
      </symbol>
      <symbol id="sm-e96">
         <name>__aeabi_memcpy4</name>
         <value>0x1004381</value>
         <object_component_ref idref="oc-3c"/>
      </symbol>
      <symbol id="sm-ea3">
         <name>__aeabi_uldivmod</name>
         <value>0x10044b5</value>
         <object_component_ref idref="oc-5ae"/>
      </symbol>
      <symbol id="sm-eb7">
         <name>__TI_zero_init_nomemset</name>
         <value>0x10067d9</value>
         <object_component_ref idref="oc-48"/>
      </symbol>
      <symbol id="sm-ece">
         <name>__TI_decompress_none</name>
         <value>0x1006cff</value>
         <object_component_ref idref="oc-1b"/>
      </symbol>
      <symbol id="sm-ef1">
         <name>__TI_decompress_lzss</name>
         <value>0x1004fa5</value>
         <object_component_ref idref="oc-15"/>
      </symbol>
      <symbol id="sm-f7a">
         <name>_sys_memory</name>
         <value>0x20000310</value>
         <object_component_ref idref="oc-2b"/>
      </symbol>
      <symbol id="sm-f7b">
         <name>free</name>
         <value>0x1003619</value>
         <object_component_ref idref="oc-490"/>
      </symbol>
      <symbol id="sm-f7c">
         <name>memalign</name>
         <value>0x100322d</value>
         <object_component_ref idref="oc-6af"/>
      </symbol>
      <symbol id="sm-f7d">
         <name>malloc</name>
         <value>0x1006d8d</value>
         <object_component_ref idref="oc-4eb"/>
      </symbol>
      <symbol id="sm-f7e">
         <name>aligned_alloc</name>
         <value>0x100322d</value>
         <object_component_ref idref="oc-6af"/>
      </symbol>
      <symbol id="sm-f90">
         <name>__stack</name>
         <value>0x2003f000</value>
         <object_component_ref idref="oc-2e"/>
      </symbol>
      <symbol id="sm-f91">
         <name>_c_int00_noargs</name>
         <value>0x1006661</value>
         <object_component_ref idref="oc-c6"/>
      </symbol>
      <symbol id="sm-10f6">
         <name>__TI_printfi</name>
         <value>0x1000841</value>
         <object_component_ref idref="oc-3ac"/>
      </symbol>
      <symbol id="sm-1100">
         <name>__aeabi_idiv0</name>
         <value>0x1005657</value>
         <object_component_ref idref="oc-743"/>
      </symbol>
      <symbol id="sm-1101">
         <name>__aeabi_ldiv0</name>
         <value>0x1005657</value>
         <object_component_ref idref="oc-743"/>
      </symbol>
      <symbol id="sm-1118">
         <name>__aeabi_dsub</name>
         <value>0x10021ad</value>
         <object_component_ref idref="oc-6de"/>
      </symbol>
      <symbol id="sm-1119">
         <name>__aeabi_dadd</name>
         <value>0x10021b7</value>
         <object_component_ref idref="oc-6de"/>
      </symbol>
      <symbol id="sm-113b">
         <name>__aeabi_cdcmpeq</name>
         <value>0x1004801</value>
         <object_component_ref idref="oc-520"/>
      </symbol>
      <symbol id="sm-113c">
         <name>__aeabi_cdcmple</name>
         <value>0x1004801</value>
         <object_component_ref idref="oc-520"/>
      </symbol>
      <symbol id="sm-113d">
         <name>__aeabi_cdrcmple</name>
         <value>0x1004887</value>
         <object_component_ref idref="oc-6c9"/>
      </symbol>
      <symbol id="sm-1151">
         <name>__aeabi_ddiv</name>
         <value>0x1002b49</value>
         <object_component_ref idref="oc-6c4"/>
      </symbol>
      <symbol id="sm-115c">
         <name>__aeabi_dmul</name>
         <value>0x1003429</value>
         <object_component_ref idref="oc-6bf"/>
      </symbol>
      <symbol id="sm-1166">
         <name>__aeabi_d2iz</name>
         <value>0x1005a31</value>
         <object_component_ref idref="oc-6ce"/>
      </symbol>
      <symbol id="sm-1170">
         <name>__aeabi_i2d</name>
         <value>0x1006405</value>
         <object_component_ref idref="oc-6d9"/>
      </symbol>
      <symbol id="sm-117f">
         <name>__aeabi_memset</name>
         <value>0x1004c07</value>
         <object_component_ref idref="oc-9e"/>
      </symbol>
      <symbol id="sm-1180">
         <name>memset</name>
         <value>0x1004c0d</value>
         <object_component_ref idref="oc-9e"/>
      </symbol>
      <symbol id="sm-1181">
         <name>__aeabi_memset8</name>
         <value>0x1004c07</value>
         <object_component_ref idref="oc-9e"/>
      </symbol>
      <symbol id="sm-1182">
         <name>__aeabi_memset4</name>
         <value>0x1004c07</value>
         <object_component_ref idref="oc-9e"/>
      </symbol>
      <symbol id="sm-1183">
         <name>__aeabi_memclr8</name>
         <value>0x1004c05</value>
         <object_component_ref idref="oc-9e"/>
      </symbol>
      <symbol id="sm-1184">
         <name>__aeabi_memclr4</name>
         <value>0x1004c05</value>
         <object_component_ref idref="oc-9e"/>
      </symbol>
      <symbol id="sm-1185">
         <name>__aeabi_memclr</name>
         <value>0x1004c05</value>
         <object_component_ref idref="oc-9e"/>
      </symbol>
      <symbol id="sm-11ad">
         <name>__TI_auto_init_nobinit_nopinit</name>
         <value>0x1005ce1</value>
         <object_component_ref idref="oc-173"/>
      </symbol>
      <symbol id="sm-11b7">
         <name>_system_pre_init</name>
         <value>0x1006dc9</value>
         <object_component_ref idref="oc-115"/>
      </symbol>
      <symbol id="sm-11c3">
         <name>C$$EXIT</name>
         <value>0x1006dcd</value>
         <object_component_ref idref="oc-167"/>
      </symbol>
      <symbol id="sm-11c4">
         <name>abort</name>
         <value>0x1006dcd</value>
         <object_component_ref idref="oc-167"/>
      </symbol>
      <symbol id="sm-11d9">
         <name>_nop</name>
         <value>0x1003897</value>
         <object_component_ref idref="oc-3d7"/>
      </symbol>
      <symbol id="sm-11da">
         <name>_lock</name>
         <value>0x200088a4</value>
         <object_component_ref idref="oc-23e"/>
      </symbol>
      <symbol id="sm-11db">
         <name>_unlock</name>
         <value>0x200088a8</value>
         <object_component_ref idref="oc-23e"/>
      </symbol>
      <symbol id="sm-11ea">
         <name>__TI_ltoa</name>
         <value>0x1005465</value>
         <object_component_ref idref="oc-6d3"/>
      </symbol>
      <symbol id="sm-1201">
         <name>atoi</name>
         <value>0x100582d</value>
         <object_component_ref idref="oc-514"/>
      </symbol>
      <symbol id="sm-120c">
         <name>_ctypes_</name>
         <value>0x1006dd0</value>
         <object_component_ref idref="oc-6b8"/>
      </symbol>
      <symbol id="sm-121c">
         <name>memccpy</name>
         <value>0x1006811</value>
         <object_component_ref idref="oc-53d"/>
      </symbol>
      <symbol id="sm-122c">
         <name>strchr</name>
         <value>0x1006a85</value>
         <object_component_ref idref="oc-70a"/>
      </symbol>
      <symbol id="sm-123a">
         <name>strlen</name>
         <value>0x1006b3d</value>
         <object_component_ref idref="oc-50e"/>
      </symbol>
      <symbol id="sm-1250">
         <name>__aeabi_errno_addr</name>
         <value>0x1006d85</value>
         <object_component_ref idref="oc-549"/>
      </symbol>
      <symbol id="sm-1251">
         <name>errno</name>
         <value>0x200088d4</value>
         <object_component_ref idref="oc-71a"/>
      </symbol>
      <symbol id="sm-126a">
         <name>wcslen</name>
         <value>0x1006bab</value>
         <object_component_ref idref="oc-543"/>
      </symbol>
      <symbol id="sm-128a">
         <name>frexpl</name>
         <value>0x10051f9</value>
         <object_component_ref idref="oc-6fe"/>
      </symbol>
      <symbol id="sm-128b">
         <name>frexp</name>
         <value>0x10051f9</value>
         <object_component_ref idref="oc-6fe"/>
      </symbol>
      <symbol id="sm-12a9">
         <name>scalbn</name>
         <value>0x10036fd</value>
         <object_component_ref idref="oc-704"/>
      </symbol>
      <symbol id="sm-12aa">
         <name>scalbnl</name>
         <value>0x10036fd</value>
         <object_component_ref idref="oc-704"/>
      </symbol>
      <symbol id="sm-12ab">
         <name>ldexpl</name>
         <value>0x10036fd</value>
         <object_component_ref idref="oc-704"/>
      </symbol>
      <symbol id="sm-12ac">
         <name>ldexp</name>
         <value>0x10036fd</value>
         <object_component_ref idref="oc-704"/>
      </symbol>
      <symbol id="sm-12b6">
         <name>copysign</name>
         <value>0x1006d25</value>
         <object_component_ref idref="oc-88e"/>
      </symbol>
      <symbol id="sm-12b7">
         <name>copysignl</name>
         <value>0x1006d25</value>
         <object_component_ref idref="oc-88e"/>
      </symbol>
      <symbol id="sm-12b8">
         <name>__TI_static_base__</name>
         <value>0x10072f0</value>
      </symbol>
      <symbol id="sm-12bb">
         <name>ITM_flush</name>
         <value>0x0</value>
      </symbol>
      <symbol id="sm-12bc">
         <name>ITM_restore</name>
         <value>0x0</value>
      </symbol>
      <symbol id="sm-12bd">
         <name>__mpu_init</name>
         <value>0x0</value>
      </symbol>
      <symbol id="sm-12be">
         <name>_system_post_cinit</name>
         <value>0x0</value>
      </symbol>
      <symbol id="sm-12bf">
         <name>NoRTOS_start</name>
         <value>0x1006cc7</value>
      </symbol>
   </symbol_table>
   <title>Link successful</title>
</link_info>
