<?xml version="1.0" encoding="ISO-8859-1" ?>
<link_info>
   <banner>TI ARM Linker PC v20.2.7.LTS</banner>
   <copyright>Copyright (c) 1996-2018 Texas Instruments Incorporated</copyright>
   <link_time>0x647d3303</link_time>
   <link_errors>0x0</link_errors>
   <output_file>gpiointerrupt_CC3220SF_LAUNCHXL_nortos_ccs.out</output_file>
   <entry_point>
      <name>resetISR</name>
      <address>0x100579d</address>
   </entry_point>
   <input_file_list>
      <input_file id="fl-2">
         <path>.\</path>
         <kind>object</kind>
         <file>gpiointerrupt.obj</file>
         <name>gpiointerrupt.obj</name>
      </input_file>
      <input_file id="fl-3">
         <path>.\syscfg\</path>
         <kind>object</kind>
         <file>ti_drivers_config.obj</file>
         <name>ti_drivers_config.obj</name>
      </input_file>
      <input_file id="fl-4">
         <path>.\</path>
         <kind>object</kind>
         <file>main_nortos.obj</file>
         <name>main_nortos.obj</name>
      </input_file>
      <input_file id="fl-d">
         <kind>object</kind>
         <file>&lt;internal&gt;</file>
         <name>&lt;internal&gt;</name>
      </input_file>
      <input_file id="fl-e">
         <path>C:\ti\simplelink_cc32xx_sdk_4_30_00_06\source\ti\drivers\lib\ccs\m4\</path>
         <kind>archive</kind>
         <file>drivers_cc32xx.a</file>
         <name>Timer.oem4</name>
      </input_file>
      <input_file id="fl-f">
         <path>C:\ti\simplelink_cc32xx_sdk_4_30_00_06\source\ti\drivers\lib\ccs\m4\</path>
         <kind>archive</kind>
         <file>drivers_cc32xx.a</file>
         <name>GPIOCC32XX.oem4</name>
      </input_file>
      <input_file id="fl-10">
         <path>C:\ti\simplelink_cc32xx_sdk_4_30_00_06\source\ti\drivers\lib\ccs\m4\</path>
         <kind>archive</kind>
         <file>drivers_cc32xx.a</file>
         <name>PowerCC32XX.oem4</name>
      </input_file>
      <input_file id="fl-11">
         <path>C:\ti\simplelink_cc32xx_sdk_4_30_00_06\source\ti\drivers\lib\ccs\m4\</path>
         <kind>archive</kind>
         <file>drivers_cc32xx.a</file>
         <name>PowerCC32XX_asm.oem4</name>
      </input_file>
      <input_file id="fl-12">
         <path>C:\ti\simplelink_cc32xx_sdk_4_30_00_06\source\ti\drivers\lib\ccs\m4\</path>
         <kind>archive</kind>
         <file>drivers_cc32xx.a</file>
         <name>TimerCC32XX.oem4</name>
      </input_file>
      <input_file id="fl-13">
         <path>C:\ti\simplelink_cc32xx_sdk_4_30_00_06\source\ti\drivers\lib\ccs\m4\</path>
         <kind>archive</kind>
         <file>drivers_cc32xx.a</file>
         <name>List.oem4</name>
      </input_file>
      <input_file id="fl-14">
         <path>C:\ti\simplelink_cc32xx_sdk_4_30_00_06\kernel\nortos\lib\ccs\m4\</path>
         <kind>archive</kind>
         <file>nortos_cc32xx.a</file>
         <name>posix_sleep.oem4</name>
      </input_file>
      <input_file id="fl-15">
         <path>C:\ti\simplelink_cc32xx_sdk_4_30_00_06\kernel\nortos\lib\ccs\m4\</path>
         <kind>archive</kind>
         <file>nortos_cc32xx.a</file>
         <name>NoRTOS.oem4</name>
      </input_file>
      <input_file id="fl-16">
         <path>C:\ti\simplelink_cc32xx_sdk_4_30_00_06\kernel\nortos\lib\ccs\m4\</path>
         <kind>archive</kind>
         <file>nortos_cc32xx.a</file>
         <name>SemaphoreP_nortos.oem4</name>
      </input_file>
      <input_file id="fl-17">
         <path>C:\ti\simplelink_cc32xx_sdk_4_30_00_06\kernel\nortos\lib\ccs\m4\</path>
         <kind>archive</kind>
         <file>nortos_cc32xx.a</file>
         <name>ClockPSysTick_nortos.oem4</name>
      </input_file>
      <input_file id="fl-18">
         <path>C:\ti\simplelink_cc32xx_sdk_4_30_00_06\kernel\nortos\lib\ccs\m4\</path>
         <kind>archive</kind>
         <file>nortos_cc32xx.a</file>
         <name>HwiPCC32XX_nortos.oem4</name>
      </input_file>
      <input_file id="fl-19">
         <path>C:\ti\simplelink_cc32xx_sdk_4_30_00_06\kernel\nortos\lib\ccs\m4\</path>
         <kind>archive</kind>
         <file>nortos_cc32xx.a</file>
         <name>PowerCC32XX_nortos.oem4</name>
      </input_file>
      <input_file id="fl-1a">
         <path>C:\ti\simplelink_cc32xx_sdk_4_30_00_06\kernel\nortos\lib\ccs\m4\</path>
         <kind>archive</kind>
         <file>nortos_cc32xx.a</file>
         <name>startup_cc32xx_ccs.oem4</name>
      </input_file>
      <input_file id="fl-1b">
         <path>C:\ti\simplelink_cc32xx_sdk_4_30_00_06\kernel\nortos\lib\ccs\m4\</path>
         <kind>archive</kind>
         <file>nortos_cc32xx.a</file>
         <name>SwiP_nortos.oem4</name>
      </input_file>
      <input_file id="fl-1c">
         <path>C:\ti\simplelink_cc32xx_sdk_4_30_00_06\kernel\nortos\lib\ccs\m4\</path>
         <kind>archive</kind>
         <file>nortos_cc32xx.a</file>
         <name>QueueP_nortos.oem4</name>
      </input_file>
      <input_file id="fl-1d">
         <path>C:\ti\simplelink_cc32xx_sdk_4_30_00_06\source\ti\devices\cc32xx\driverlib\ccs\Release\</path>
         <kind>archive</kind>
         <file>driverlib.a</file>
         <name>cpu.obj</name>
      </input_file>
      <input_file id="fl-1e">
         <path>C:\ti\simplelink_cc32xx_sdk_4_30_00_06\source\ti\devices\cc32xx\driverlib\ccs\Release\</path>
         <kind>archive</kind>
         <file>driverlib.a</file>
         <name>interrupt.obj</name>
      </input_file>
      <input_file id="fl-1f">
         <path>C:\ti\simplelink_cc32xx_sdk_4_30_00_06\source\ti\devices\cc32xx\driverlib\ccs\Release\</path>
         <kind>archive</kind>
         <file>driverlib.a</file>
         <name>pin.obj</name>
      </input_file>
      <input_file id="fl-20">
         <path>C:\ti\simplelink_cc32xx_sdk_4_30_00_06\source\ti\devices\cc32xx\driverlib\ccs\Release\</path>
         <kind>archive</kind>
         <file>driverlib.a</file>
         <name>prcm.obj</name>
      </input_file>
      <input_file id="fl-21">
         <path>C:\ti\simplelink_cc32xx_sdk_4_30_00_06\source\ti\devices\cc32xx\driverlib\ccs\Release\</path>
         <kind>archive</kind>
         <file>driverlib.a</file>
         <name>timer.obj</name>
      </input_file>
      <input_file id="fl-22">
         <path>C:\ti\simplelink_cc32xx_sdk_4_30_00_06\source\ti\devices\cc32xx\driverlib\ccs\Release\</path>
         <kind>archive</kind>
         <file>driverlib.a</file>
         <name>utils.obj</name>
      </input_file>
      <input_file id="fl-23">
         <path>C:\ti\simplelink_cc32xx_sdk_4_30_00_06\source\ti\devices\cc32xx\driverlib\ccs\Release\</path>
         <kind>archive</kind>
         <file>driverlib.a</file>
         <name>flash.obj</name>
      </input_file>
      <input_file id="fl-d9">
         <path>C:\ti\ccs1230\ccs\tools\compiler\ti-cgt-arm_20.2.7.LTS\lib\</path>
         <kind>archive</kind>
         <file>rtsv7M4_T_le_eabi.lib</file>
         <name>printf.c.obj</name>
      </input_file>
      <input_file id="fl-da">
         <path>C:\ti\ccs1230\ccs\tools\compiler\ti-cgt-arm_20.2.7.LTS\lib\</path>
         <kind>archive</kind>
         <file>rtsv7M4_T_le_eabi.lib</file>
         <name>_printfi.c.obj</name>
      </input_file>
      <input_file id="fl-db">
         <path>C:\ti\ccs1230\ccs\tools\compiler\ti-cgt-arm_20.2.7.LTS\lib\</path>
         <kind>archive</kind>
         <file>rtsv7M4_T_le_eabi.lib</file>
         <name>fputc.c.obj</name>
      </input_file>
      <input_file id="fl-dc">
         <path>C:\ti\ccs1230\ccs\tools\compiler\ti-cgt-arm_20.2.7.LTS\lib\</path>
         <kind>archive</kind>
         <file>rtsv7M4_T_le_eabi.lib</file>
         <name>fputs.c.obj</name>
      </input_file>
      <input_file id="fl-dd">
         <path>C:\ti\ccs1230\ccs\tools\compiler\ti-cgt-arm_20.2.7.LTS\lib\</path>
         <kind>archive</kind>
         <file>rtsv7M4_T_le_eabi.lib</file>
         <name>_io_perm.c.obj</name>
      </input_file>
      <input_file id="fl-de">
         <path>C:\ti\ccs1230\ccs\tools\compiler\ti-cgt-arm_20.2.7.LTS\lib\</path>
         <kind>archive</kind>
         <file>rtsv7M4_T_le_eabi.lib</file>
         <name>setvbuf.c.obj</name>
      </input_file>
      <input_file id="fl-df">
         <path>C:\ti\ccs1230\ccs\tools\compiler\ti-cgt-arm_20.2.7.LTS\lib\</path>
         <kind>archive</kind>
         <file>rtsv7M4_T_le_eabi.lib</file>
         <name>fd_add_t2.asm.obj</name>
      </input_file>
      <input_file id="fl-e0">
         <path>C:\ti\ccs1230\ccs\tools\compiler\ti-cgt-arm_20.2.7.LTS\lib\</path>
         <kind>archive</kind>
         <file>rtsv7M4_T_le_eabi.lib</file>
         <name>fd_cmp_t2.asm.obj</name>
      </input_file>
      <input_file id="fl-e1">
         <path>C:\ti\ccs1230\ccs\tools\compiler\ti-cgt-arm_20.2.7.LTS\lib\</path>
         <kind>archive</kind>
         <file>rtsv7M4_T_le_eabi.lib</file>
         <name>fd_div_t2.asm.obj</name>
      </input_file>
      <input_file id="fl-e2">
         <path>C:\ti\ccs1230\ccs\tools\compiler\ti-cgt-arm_20.2.7.LTS\lib\</path>
         <kind>archive</kind>
         <file>rtsv7M4_T_le_eabi.lib</file>
         <name>fd_mul_t2.asm.obj</name>
      </input_file>
      <input_file id="fl-e3">
         <path>C:\ti\ccs1230\ccs\tools\compiler\ti-cgt-arm_20.2.7.LTS\lib\</path>
         <kind>archive</kind>
         <file>rtsv7M4_T_le_eabi.lib</file>
         <name>fd_toi_t2.asm.obj</name>
      </input_file>
      <input_file id="fl-e4">
         <path>C:\ti\ccs1230\ccs\tools\compiler\ti-cgt-arm_20.2.7.LTS\lib\</path>
         <kind>archive</kind>
         <file>rtsv7M4_T_le_eabi.lib</file>
         <name>i_tofd_t2.asm.obj</name>
      </input_file>
      <input_file id="fl-e5">
         <path>C:\ti\ccs1230\ccs\tools\compiler\ti-cgt-arm_20.2.7.LTS\lib\</path>
         <kind>archive</kind>
         <file>rtsv7M4_T_le_eabi.lib</file>
         <name>ll_mul_t2.asm.obj</name>
      </input_file>
      <input_file id="fl-e6">
         <path>C:\ti\ccs1230\ccs\tools\compiler\ti-cgt-arm_20.2.7.LTS\lib\</path>
         <kind>archive</kind>
         <file>rtsv7M4_T_le_eabi.lib</file>
         <name>memcpy_t2.asm.obj</name>
      </input_file>
      <input_file id="fl-e7">
         <path>C:\ti\ccs1230\ccs\tools\compiler\ti-cgt-arm_20.2.7.LTS\lib\</path>
         <kind>archive</kind>
         <file>rtsv7M4_T_le_eabi.lib</file>
         <name>memset_t2.asm.obj</name>
      </input_file>
      <input_file id="fl-e8">
         <path>C:\ti\ccs1230\ccs\tools\compiler\ti-cgt-arm_20.2.7.LTS\lib\</path>
         <kind>archive</kind>
         <file>rtsv7M4_T_le_eabi.lib</file>
         <name>ull_div_t2.asm.obj</name>
      </input_file>
      <input_file id="fl-e9">
         <path>C:\ti\ccs1230\ccs\tools\compiler\ti-cgt-arm_20.2.7.LTS\lib\</path>
         <kind>archive</kind>
         <file>rtsv7M4_T_le_eabi.lib</file>
         <name>copy_zero_init.c.obj</name>
      </input_file>
      <input_file id="fl-ea">
         <path>C:\ti\ccs1230\ccs\tools\compiler\ti-cgt-arm_20.2.7.LTS\lib\</path>
         <kind>archive</kind>
         <file>rtsv7M4_T_le_eabi.lib</file>
         <name>copy_decompress_none.c.obj</name>
      </input_file>
      <input_file id="fl-eb">
         <path>C:\ti\ccs1230\ccs\tools\compiler\ti-cgt-arm_20.2.7.LTS\lib\</path>
         <kind>archive</kind>
         <file>rtsv7M4_T_le_eabi.lib</file>
         <name>copy_decompress_lzss.c.obj</name>
      </input_file>
      <input_file id="fl-ec">
         <path>C:\ti\ccs1230\ccs\tools\compiler\ti-cgt-arm_20.2.7.LTS\lib\</path>
         <kind>archive</kind>
         <file>rtsv7M4_T_le_eabi.lib</file>
         <name>exit.c.obj</name>
      </input_file>
      <input_file id="fl-ed">
         <path>C:\ti\ccs1230\ccs\tools\compiler\ti-cgt-arm_20.2.7.LTS\lib\</path>
         <kind>archive</kind>
         <file>rtsv7M4_T_le_eabi.lib</file>
         <name>_lock.c.obj</name>
      </input_file>
      <input_file id="fl-ee">
         <path>C:\ti\ccs1230\ccs\tools\compiler\ti-cgt-arm_20.2.7.LTS\lib\</path>
         <kind>archive</kind>
         <file>rtsv7M4_T_le_eabi.lib</file>
         <name>_ltoa.c.obj</name>
      </input_file>
      <input_file id="fl-ef">
         <path>C:\ti\ccs1230\ccs\tools\compiler\ti-cgt-arm_20.2.7.LTS\lib\</path>
         <kind>archive</kind>
         <file>rtsv7M4_T_le_eabi.lib</file>
         <name>atoi.c.obj</name>
      </input_file>
      <input_file id="fl-f0">
         <path>C:\ti\ccs1230\ccs\tools\compiler\ti-cgt-arm_20.2.7.LTS\lib\</path>
         <kind>archive</kind>
         <file>rtsv7M4_T_le_eabi.lib</file>
         <name>ctype.c.obj</name>
      </input_file>
      <input_file id="fl-f1">
         <path>C:\ti\ccs1230\ccs\tools\compiler\ti-cgt-arm_20.2.7.LTS\lib\</path>
         <kind>archive</kind>
         <file>rtsv7M4_T_le_eabi.lib</file>
         <name>defs.c.obj</name>
      </input_file>
      <input_file id="fl-f2">
         <path>C:\ti\ccs1230\ccs\tools\compiler\ti-cgt-arm_20.2.7.LTS\lib\</path>
         <kind>archive</kind>
         <file>rtsv7M4_T_le_eabi.lib</file>
         <name>memccpy.c.obj</name>
      </input_file>
      <input_file id="fl-f3">
         <path>C:\ti\ccs1230\ccs\tools\compiler\ti-cgt-arm_20.2.7.LTS\lib\</path>
         <kind>archive</kind>
         <file>rtsv7M4_T_le_eabi.lib</file>
         <name>memchr.c.obj</name>
      </input_file>
      <input_file id="fl-f4">
         <path>C:\ti\ccs1230\ccs\tools\compiler\ti-cgt-arm_20.2.7.LTS\lib\</path>
         <kind>archive</kind>
         <file>rtsv7M4_T_le_eabi.lib</file>
         <name>memory.c.obj</name>
      </input_file>
      <input_file id="fl-f5">
         <path>C:\ti\ccs1230\ccs\tools\compiler\ti-cgt-arm_20.2.7.LTS\lib\</path>
         <kind>archive</kind>
         <file>rtsv7M4_T_le_eabi.lib</file>
         <name>strchr.c.obj</name>
      </input_file>
      <input_file id="fl-f6">
         <path>C:\ti\ccs1230\ccs\tools\compiler\ti-cgt-arm_20.2.7.LTS\lib\</path>
         <kind>archive</kind>
         <file>rtsv7M4_T_le_eabi.lib</file>
         <name>strlen.c.obj</name>
      </input_file>
      <input_file id="fl-f7">
         <path>C:\ti\ccs1230\ccs\tools\compiler\ti-cgt-arm_20.2.7.LTS\lib\</path>
         <kind>archive</kind>
         <file>rtsv7M4_T_le_eabi.lib</file>
         <name>boot_cortex_m.c.obj</name>
      </input_file>
      <input_file id="fl-f8">
         <path>C:\ti\ccs1230\ccs\tools\compiler\ti-cgt-arm_20.2.7.LTS\lib\</path>
         <kind>archive</kind>
         <file>rtsv7M4_T_le_eabi.lib</file>
         <name>write.c.obj</name>
      </input_file>
      <input_file id="fl-f9">
         <path>C:\ti\ccs1230\ccs\tools\compiler\ti-cgt-arm_20.2.7.LTS\lib\</path>
         <kind>archive</kind>
         <file>rtsv7M4_T_le_eabi.lib</file>
         <name>host_device.c.obj</name>
      </input_file>
      <input_file id="fl-fa">
         <path>C:\ti\ccs1230\ccs\tools\compiler\ti-cgt-arm_20.2.7.LTS\lib\</path>
         <kind>archive</kind>
         <file>rtsv7M4_T_le_eabi.lib</file>
         <name>errno.c.obj</name>
      </input_file>
      <input_file id="fl-fb">
         <path>C:\ti\ccs1230\ccs\tools\compiler\ti-cgt-arm_20.2.7.LTS\lib\</path>
         <kind>archive</kind>
         <file>rtsv7M4_T_le_eabi.lib</file>
         <name>wcslen.c.obj</name>
      </input_file>
      <input_file id="fl-fc">
         <path>C:\ti\ccs1230\ccs\tools\compiler\ti-cgt-arm_20.2.7.LTS\lib\</path>
         <kind>archive</kind>
         <file>rtsv7M4_T_le_eabi.lib</file>
         <name>s_frexp.c.obj</name>
      </input_file>
      <input_file id="fl-fd">
         <path>C:\ti\ccs1230\ccs\tools\compiler\ti-cgt-arm_20.2.7.LTS\lib\</path>
         <kind>archive</kind>
         <file>rtsv7M4_T_le_eabi.lib</file>
         <name>s_scalbn.c.obj</name>
      </input_file>
      <input_file id="fl-fe">
         <path>C:\ti\ccs1230\ccs\tools\compiler\ti-cgt-arm_20.2.7.LTS\lib\</path>
         <kind>archive</kind>
         <file>rtsv7M4_T_le_eabi.lib</file>
         <name>fflush.c.obj</name>
      </input_file>
      <input_file id="fl-ff">
         <path>C:\ti\ccs1230\ccs\tools\compiler\ti-cgt-arm_20.2.7.LTS\lib\</path>
         <kind>archive</kind>
         <file>rtsv7M4_T_le_eabi.lib</file>
         <name>fopen.c.obj</name>
      </input_file>
      <input_file id="fl-100">
         <path>C:\ti\ccs1230\ccs\tools\compiler\ti-cgt-arm_20.2.7.LTS\lib\</path>
         <kind>archive</kind>
         <file>rtsv7M4_T_le_eabi.lib</file>
         <name>fseek.c.obj</name>
      </input_file>
      <input_file id="fl-101">
         <path>C:\ti\ccs1230\ccs\tools\compiler\ti-cgt-arm_20.2.7.LTS\lib\</path>
         <kind>archive</kind>
         <file>rtsv7M4_T_le_eabi.lib</file>
         <name>div0.asm.obj</name>
      </input_file>
      <input_file id="fl-102">
         <path>C:\ti\ccs1230\ccs\tools\compiler\ti-cgt-arm_20.2.7.LTS\lib\</path>
         <kind>archive</kind>
         <file>rtsv7M4_T_le_eabi.lib</file>
         <name>autoinit.c.obj</name>
      </input_file>
      <input_file id="fl-103">
         <path>C:\ti\ccs1230\ccs\tools\compiler\ti-cgt-arm_20.2.7.LTS\lib\</path>
         <kind>archive</kind>
         <file>rtsv7M4_T_le_eabi.lib</file>
         <name>pre_init.c.obj</name>
      </input_file>
      <input_file id="fl-104">
         <path>C:\ti\ccs1230\ccs\tools\compiler\ti-cgt-arm_20.2.7.LTS\lib\</path>
         <kind>archive</kind>
         <file>rtsv7M4_T_le_eabi.lib</file>
         <name>cpy_tbl.c.obj</name>
      </input_file>
      <input_file id="fl-105">
         <path>C:\ti\ccs1230\ccs\tools\compiler\ti-cgt-arm_20.2.7.LTS\lib\</path>
         <kind>archive</kind>
         <file>rtsv7M4_T_le_eabi.lib</file>
         <name>args_main.c.obj</name>
      </input_file>
      <input_file id="fl-106">
         <path>C:\ti\ccs1230\ccs\tools\compiler\ti-cgt-arm_20.2.7.LTS\lib\</path>
         <kind>archive</kind>
         <file>rtsv7M4_T_le_eabi.lib</file>
         <name>hostclose.c.obj</name>
      </input_file>
      <input_file id="fl-107">
         <path>C:\ti\ccs1230\ccs\tools\compiler\ti-cgt-arm_20.2.7.LTS\lib\</path>
         <kind>archive</kind>
         <file>rtsv7M4_T_le_eabi.lib</file>
         <name>hostlseek.c.obj</name>
      </input_file>
      <input_file id="fl-108">
         <path>C:\ti\ccs1230\ccs\tools\compiler\ti-cgt-arm_20.2.7.LTS\lib\</path>
         <kind>archive</kind>
         <file>rtsv7M4_T_le_eabi.lib</file>
         <name>hostopen.c.obj</name>
      </input_file>
      <input_file id="fl-109">
         <path>C:\ti\ccs1230\ccs\tools\compiler\ti-cgt-arm_20.2.7.LTS\lib\</path>
         <kind>archive</kind>
         <file>rtsv7M4_T_le_eabi.lib</file>
         <name>hostread.c.obj</name>
      </input_file>
      <input_file id="fl-10a">
         <path>C:\ti\ccs1230\ccs\tools\compiler\ti-cgt-arm_20.2.7.LTS\lib\</path>
         <kind>archive</kind>
         <file>rtsv7M4_T_le_eabi.lib</file>
         <name>hostrename.c.obj</name>
      </input_file>
      <input_file id="fl-10b">
         <path>C:\ti\ccs1230\ccs\tools\compiler\ti-cgt-arm_20.2.7.LTS\lib\</path>
         <kind>archive</kind>
         <file>rtsv7M4_T_le_eabi.lib</file>
         <name>hostunlink.c.obj</name>
      </input_file>
      <input_file id="fl-10c">
         <path>C:\ti\ccs1230\ccs\tools\compiler\ti-cgt-arm_20.2.7.LTS\lib\</path>
         <kind>archive</kind>
         <file>rtsv7M4_T_le_eabi.lib</file>
         <name>hostwrite.c.obj</name>
      </input_file>
      <input_file id="fl-10d">
         <path>C:\ti\ccs1230\ccs\tools\compiler\ti-cgt-arm_20.2.7.LTS\lib\</path>
         <kind>archive</kind>
         <file>rtsv7M4_T_le_eabi.lib</file>
         <name>trgmsg.c.obj</name>
      </input_file>
      <input_file id="fl-10e">
         <path>C:\ti\ccs1230\ccs\tools\compiler\ti-cgt-arm_20.2.7.LTS\lib\</path>
         <kind>archive</kind>
         <file>rtsv7M4_T_le_eabi.lib</file>
         <name>open.c.obj</name>
      </input_file>
      <input_file id="fl-10f">
         <path>C:\ti\ccs1230\ccs\tools\compiler\ti-cgt-arm_20.2.7.LTS\lib\</path>
         <kind>archive</kind>
         <file>rtsv7M4_T_le_eabi.lib</file>
         <name>lseek.c.obj</name>
      </input_file>
      <input_file id="fl-110">
         <path>C:\ti\ccs1230\ccs\tools\compiler\ti-cgt-arm_20.2.7.LTS\lib\</path>
         <kind>archive</kind>
         <file>rtsv7M4_T_le_eabi.lib</file>
         <name>s_copysign.c.obj</name>
      </input_file>
      <input_file id="fl-111">
         <path>C:\ti\ccs1230\ccs\tools\compiler\ti-cgt-arm_20.2.7.LTS\lib\</path>
         <kind>archive</kind>
         <file>rtsv7M4_T_le_eabi.lib</file>
         <name>fclose.c.obj</name>
      </input_file>
      <input_file id="fl-112">
         <path>C:\ti\ccs1230\ccs\tools\compiler\ti-cgt-arm_20.2.7.LTS\lib\</path>
         <kind>archive</kind>
         <file>rtsv7M4_T_le_eabi.lib</file>
         <name>getdevice.c.obj</name>
      </input_file>
      <input_file id="fl-113">
         <path>C:\ti\ccs1230\ccs\tools\compiler\ti-cgt-arm_20.2.7.LTS\lib\</path>
         <kind>archive</kind>
         <file>rtsv7M4_T_le_eabi.lib</file>
         <name>strcmp.c.obj</name>
      </input_file>
      <input_file id="fl-114">
         <path>C:\ti\ccs1230\ccs\tools\compiler\ti-cgt-arm_20.2.7.LTS\lib\</path>
         <kind>archive</kind>
         <file>rtsv7M4_T_le_eabi.lib</file>
         <name>strcpy.c.obj</name>
      </input_file>
      <input_file id="fl-115">
         <path>C:\ti\ccs1230\ccs\tools\compiler\ti-cgt-arm_20.2.7.LTS\lib\</path>
         <kind>archive</kind>
         <file>rtsv7M4_T_le_eabi.lib</file>
         <name>strncpy.c.obj</name>
      </input_file>
      <input_file id="fl-116">
         <path>C:\ti\ccs1230\ccs\tools\compiler\ti-cgt-arm_20.2.7.LTS\lib\</path>
         <kind>archive</kind>
         <file>rtsv7M4_T_le_eabi.lib</file>
         <name>remove.c.obj</name>
      </input_file>
      <input_file id="fl-117">
         <path>C:\ti\ccs1230\ccs\tools\compiler\ti-cgt-arm_20.2.7.LTS\lib\</path>
         <kind>archive</kind>
         <file>rtsv7M4_T_le_eabi.lib</file>
         <name>close.c.obj</name>
      </input_file>
      <input_file id="fl-118">
         <path>C:\ti\ccs1230\ccs\tools\compiler\ti-cgt-arm_20.2.7.LTS\lib\</path>
         <kind>archive</kind>
         <file>rtsv7M4_T_le_eabi.lib</file>
         <name>unlink.c.obj</name>
      </input_file>
   </input_file_list>
   <object_component_list>
      <object_component id="oc-417">
         <name>.text:__TI_printfi</name>
         <load_address>0x1000840</load_address>
         <run_address>0x1000840</run_address>
         <size>0xa4e</size>
         <input_file_ref idref="fl-da"/>
      </object_component>
      <object_component id="oc-1cd">
         <name>.text:Board_initHook</name>
         <load_address>0x100128e</load_address>
         <run_address>0x100128e</run_address>
         <size>0x2</size>
         <input_file_ref idref="fl-3"/>
      </object_component>
      <object_component id="oc-1c1">
         <name>.text:PRCMCC3200MCUInit</name>
         <load_address>0x1001290</load_address>
         <run_address>0x1001290</run_address>
         <size>0x42c</size>
         <input_file_ref idref="fl-20"/>
      </object_component>
      <object_component id="oc-53d">
         <name>.text:_pconv_a</name>
         <load_address>0x10016bc</load_address>
         <run_address>0x10016bc</run_address>
         <size>0x268</size>
         <input_file_ref idref="fl-da"/>
      </object_component>
      <object_component id="oc-1db">
         <name>.text:GPIO_setConfig</name>
         <load_address>0x1001924</load_address>
         <run_address>0x1001924</run_address>
         <size>0x1e4</size>
         <input_file_ref idref="fl-f"/>
      </object_component>
      <object_component id="oc-52b">
         <name>.text:_pconv_g</name>
         <load_address>0x1001b08</load_address>
         <run_address>0x1001b08</run_address>
         <size>0x1cc</size>
         <input_file_ref idref="fl-da"/>
      </object_component>
      <object_component id="oc-667">
         <name>.text</name>
         <load_address>0x1001cd4</load_address>
         <run_address>0x1001cd4</run_address>
         <size>0x1b6</size>
         <input_file_ref idref="fl-df"/>
      </object_component>
      <object_component id="oc-35e">
         <name>.text:PowerCC32XX_initPolicy</name>
         <load_address>0x1001e8a</load_address>
         <run_address>0x1001e8a</run_address>
         <size>0x2</size>
         <input_file_ref idref="fl-19"/>
      </object_component>
      <object_component id="oc-364">
         <name>.text:PowerCC32XX_sleepPolicy</name>
         <load_address>0x1001e8c</load_address>
         <run_address>0x1001e8c</run_address>
         <size>0x19c</size>
         <input_file_ref idref="fl-19"/>
      </object_component>
      <object_component id="oc-59e">
         <name>.text:parkPins</name>
         <load_address>0x1002028</load_address>
         <run_address>0x1002028</run_address>
         <size>0x148</size>
         <input_file_ref idref="fl-10"/>
      </object_component>
      <object_component id="oc-537">
         <name>.text:_pconv_e</name>
         <load_address>0x1002170</load_address>
         <run_address>0x1002170</run_address>
         <size>0x13c</size>
         <input_file_ref idref="fl-da"/>
      </object_component>
      <object_component id="oc-485">
         <name>.text:Power_sleep</name>
         <load_address>0x10022ac</load_address>
         <run_address>0x10022ac</run_address>
         <size>0x138</size>
         <input_file_ref idref="fl-10"/>
      </object_component>
      <object_component id="oc-64d">
         <name>.text</name>
         <load_address>0x10023e4</load_address>
         <run_address>0x10023e4</run_address>
         <size>0x136</size>
         <input_file_ref idref="fl-e1"/>
      </object_component>
      <object_component id="oc-7a4">
         <name>.text:SemaphoreP_destruct</name>
         <load_address>0x100251a</load_address>
         <run_address>0x100251a</run_address>
         <size>0x2</size>
         <input_file_ref idref="fl-16"/>
      </object_component>
      <object_component id="oc-60f">
         <name>.text:TimerCC32XX_open</name>
         <load_address>0x100251c</load_address>
         <run_address>0x100251c</run_address>
         <size>0x128</size>
         <input_file_ref idref="fl-12"/>
      </object_component>
      <object_component id="oc-679">
         <name>.text:fcvt</name>
         <load_address>0x1002644</load_address>
         <run_address>0x1002644</run_address>
         <size>0x120</size>
         <input_file_ref idref="fl-da"/>
      </object_component>
      <object_component id="oc-565">
         <name>.text:fputs</name>
         <load_address>0x1002764</load_address>
         <run_address>0x1002764</run_address>
         <size>0x114</size>
         <input_file_ref idref="fl-dc"/>
      </object_component>
      <object_component id="oc-50d">
         <name>.text:writeMorseLetter</name>
         <load_address>0x1002878</load_address>
         <run_address>0x1002878</run_address>
         <size>0x110</size>
         <input_file_ref idref="fl-2"/>
      </object_component>
      <object_component id="oc-4e4">
         <name>.text:aligned_alloc</name>
         <load_address>0x1002988</load_address>
         <run_address>0x1002988</run_address>
         <size>0x100</size>
         <input_file_ref idref="fl-f4"/>
      </object_component>
      <object_component id="oc-648">
         <name>.text</name>
         <load_address>0x1002a88</load_address>
         <run_address>0x1002a88</run_address>
         <size>0xfc</size>
         <input_file_ref idref="fl-e2"/>
      </object_component>
      <object_component id="oc-380">
         <name>.text:free</name>
         <load_address>0x1002b84</load_address>
         <run_address>0x1002b84</run_address>
         <size>0xe4</size>
         <input_file_ref idref="fl-f4"/>
      </object_component>
      <object_component id="oc-7e8">
         <name>.text:setvbuf</name>
         <load_address>0x1002c68</load_address>
         <run_address>0x1002c68</run_address>
         <size>0xdc</size>
         <input_file_ref idref="fl-de"/>
      </object_component>
      <object_component id="oc-68d">
         <name>.text:scalbn</name>
         <load_address>0x1002d44</load_address>
         <run_address>0x1002d44</run_address>
         <size>0xd0</size>
         <input_file_ref idref="fl-fd"/>
      </object_component>
      <object_component id="oc-1d5">
         <name>.text:GPIO_init</name>
         <load_address>0x1002e14</load_address>
         <run_address>0x1002e14</run_address>
         <size>0xc4</size>
         <input_file_ref idref="fl-f"/>
      </object_component>
      <object_component id="oc-5bb">
         <name>.text:restoreParkedPins</name>
         <load_address>0x1002ed8</load_address>
         <run_address>0x1002ed8</run_address>
         <size>0xc0</size>
         <input_file_ref idref="fl-10"/>
      </object_component>
      <object_component id="oc-520">
         <name>.text:_ltostr</name>
         <load_address>0x1002f98</load_address>
         <run_address>0x1002f98</run_address>
         <size>0xb1</size>
         <input_file_ref idref="fl-da"/>
      </object_component>
      <object_component id="oc-609">
         <name>.text:TimerCC32XX_init</name>
         <load_address>0x100304a</load_address>
         <run_address>0x100304a</run_address>
         <size>0x2</size>
         <input_file_ref idref="fl-12"/>
      </object_component>
      <object_component id="oc-b6">
         <name>.text:IntEnable</name>
         <load_address>0x100304c</load_address>
         <run_address>0x100304c</run_address>
         <size>0xa8</size>
         <input_file_ref idref="fl-1e"/>
      </object_component>
      <object_component id="oc-27a">
         <name>.text:PowerCC32XX_configureWakeup</name>
         <load_address>0x10030f4</load_address>
         <run_address>0x10030f4</run_address>
         <size>0xa8</size>
         <input_file_ref idref="fl-10"/>
      </object_component>
      <object_component id="oc-2a0">
         <name>.text:SemaphoreP_pend</name>
         <load_address>0x100319c</load_address>
         <run_address>0x100319c</run_address>
         <size>0xa0</size>
         <input_file_ref idref="fl-16"/>
      </object_component>
      <object_component id="oc-3c">
         <name>.text</name>
         <load_address>0x100323c</load_address>
         <run_address>0x100323c</run_address>
         <size>0x9c</size>
         <input_file_ref idref="fl-e6"/>
      </object_component>
      <object_component id="oc-2bc">
         <name>.text:powerNotifyFxn</name>
         <load_address>0x10032d8</load_address>
         <run_address>0x10032d8</run_address>
         <size>0x98</size>
         <input_file_ref idref="fl-f"/>
      </object_component>
      <object_component id="oc-480">
         <name>.text</name>
         <load_address>0x1003370</load_address>
         <run_address>0x1003370</run_address>
         <size>0x96</size>
         <input_file_ref idref="fl-e8"/>
      </object_component>
      <object_component id="oc-32b">
         <name>.text:_nop</name>
         <load_address>0x1003406</load_address>
         <run_address>0x1003406</run_address>
         <size>0x2</size>
         <input_file_ref idref="fl-ed"/>
      </object_component>
      <object_component id="oc-5af">
         <name>.text:restoreNVICRegs</name>
         <load_address>0x1003408</load_address>
         <run_address>0x1003408</run_address>
         <size>0x90</size>
         <input_file_ref idref="fl-10"/>
      </object_component>
      <object_component id="oc-3e1">
         <name>.text:HwiP_construct</name>
         <load_address>0x1003498</load_address>
         <run_address>0x1003498</run_address>
         <size>0x8c</size>
         <input_file_ref idref="fl-18"/>
      </object_component>
      <object_component id="oc-56c">
         <name>.text:fputc</name>
         <load_address>0x1003524</load_address>
         <run_address>0x1003524</run_address>
         <size>0x8c</size>
         <input_file_ref idref="fl-db"/>
      </object_component>
      <object_component id="oc-723">
         <name>.text:IntPendSet</name>
         <load_address>0x10035b0</load_address>
         <run_address>0x10035b0</run_address>
         <size>0x88</size>
         <input_file_ref idref="fl-1e"/>
      </object_component>
      <object_component id="oc-2c6">
         <name>.text:PinConfigSet</name>
         <load_address>0x1003638</load_address>
         <run_address>0x1003638</run_address>
         <size>0x88</size>
         <input_file_ref idref="fl-1f"/>
      </object_component>
      <object_component id="oc-615">
         <name>.text:TimerCC32XX_setPeriod</name>
         <load_address>0x10036c0</load_address>
         <run_address>0x10036c0</run_address>
         <size>0x88</size>
         <input_file_ref idref="fl-12"/>
      </object_component>
      <object_component id="oc-526">
         <name>.text:__aeabi_cdcmple</name>
         <load_address>0x1003748</load_address>
         <run_address>0x1003748</run_address>
         <size>0x86</size>
         <input_file_ref idref="fl-e0"/>
      </object_component>
      <object_component id="oc-652">
         <name>.text:__aeabi_cdrcmple</name>
         <load_address>0x10037ce</load_address>
         <run_address>0x10037ce</run_address>
         <size>0x86</size>
         <input_file_ref idref="fl-e0"/>
      </object_component>
      <object_component id="oc-1c7">
         <name>.text:Power_init</name>
         <load_address>0x1003854</load_address>
         <run_address>0x1003854</run_address>
         <size>0x84</size>
         <input_file_ref idref="fl-10"/>
      </object_component>
      <object_component id="oc-5a4">
         <name>.text:saveNVICRegs</name>
         <load_address>0x10038d8</load_address>
         <run_address>0x10038d8</run_address>
         <size>0x84</size>
         <input_file_ref idref="fl-10"/>
      </object_component>
      <object_component id="oc-2cc">
         <name>.text:Power_setDependency</name>
         <load_address>0x100395c</load_address>
         <run_address>0x100395c</run_address>
         <size>0x80</size>
         <input_file_ref idref="fl-10"/>
      </object_component>
      <object_component id="oc-9e">
         <name>.text</name>
         <load_address>0x10039dc</load_address>
         <run_address>0x10039dc</run_address>
         <size>0x7a</size>
         <input_file_ref idref="fl-e7"/>
      </object_component>
      <object_component id="oc-74">
         <name>.text:busFaultHandler</name>
         <load_address>0x1003a56</load_address>
         <run_address>0x1003a56</run_address>
         <size>0x2</size>
         <input_file_ref idref="fl-1a"/>
      </object_component>
      <object_component id="oc-2f0">
         <name>.text:GPIO_hwiIntFxn</name>
         <load_address>0x1003a58</load_address>
         <run_address>0x1003a58</run_address>
         <size>0x78</size>
         <input_file_ref idref="fl-f"/>
      </object_component>
      <object_component id="oc-61b">
         <name>.text:TimerCC32XX_start</name>
         <load_address>0x1003ad0</load_address>
         <run_address>0x1003ad0</run_address>
         <size>0x78</size>
         <input_file_ref idref="fl-12"/>
      </object_component>
      <object_component id="oc-893">
         <name>.text:__TI_closefile</name>
         <load_address>0x1003b48</load_address>
         <run_address>0x1003b48</run_address>
         <size>0x74</size>
         <input_file_ref idref="fl-111"/>
      </object_component>
      <object_component id="oc-410">
         <name>.text:updateState</name>
         <load_address>0x1003bbc</load_address>
         <run_address>0x1003bbc</run_address>
         <size>0x74</size>
         <input_file_ref idref="fl-2"/>
      </object_component>
      <object_component id="oc-5eb">
         <name>.text:split</name>
         <load_address>0x1003c30</load_address>
         <run_address>0x1003c30</run_address>
         <size>0x70</size>
         <input_file_ref idref="fl-f4"/>
      </object_component>
      <object_component id="oc-672">
         <name>.text:_mcpy</name>
         <load_address>0x1003ca0</load_address>
         <run_address>0x1003ca0</run_address>
         <size>0x6e</size>
         <input_file_ref idref="fl-da"/>
      </object_component>
      <object_component id="oc-3a5">
         <name>.text:clkFxn</name>
         <load_address>0x1003d0e</load_address>
         <run_address>0x1003d0e</run_address>
         <size>0x2</size>
         <input_file_ref idref="fl-16"/>
      </object_component>
      <object_component id="oc-8c3">
         <name>.text:HOSTrename</name>
         <load_address>0x1003d10</load_address>
         <run_address>0x1003d10</run_address>
         <size>0x6c</size>
         <input_file_ref idref="fl-10a"/>
      </object_component>
      <object_component id="oc-160">
         <name>.text:mainThread</name>
         <load_address>0x1003d7c</load_address>
         <run_address>0x1003d7c</run_address>
         <size>0x6c</size>
         <input_file_ref idref="fl-2"/>
      </object_component>
      <object_component id="oc-8b7">
         <name>.text:HOSTlseek</name>
         <load_address>0x1003de8</load_address>
         <run_address>0x1003de8</run_address>
         <size>0x68</size>
         <input_file_ref idref="fl-107"/>
      </object_component>
      <object_component id="oc-15">
         <name>.text:decompress:lzss:__TI_decompress_lzss</name>
         <load_address>0x1003e50</load_address>
         <run_address>0x1003e50</run_address>
         <size>0x68</size>
         <input_file_ref idref="fl-eb"/>
      </object_component>
      <object_component id="oc-321">
         <name>.text:printf</name>
         <load_address>0x1003eb8</load_address>
         <run_address>0x1003eb8</run_address>
         <size>0x68</size>
         <input_file_ref idref="fl-d9"/>
      </object_component>
      <object_component id="oc-3cf">
         <name>.text:PowerCC32XX_setParkState</name>
         <load_address>0x1003f20</load_address>
         <run_address>0x1003f20</run_address>
         <size>0x64</size>
         <input_file_ref idref="fl-10"/>
      </object_component>
      <object_component id="oc-7e2">
         <name>.text:fseek</name>
         <load_address>0x1003f84</load_address>
         <run_address>0x1003f84</run_address>
         <size>0x64</size>
         <input_file_ref idref="fl-100"/>
      </object_component>
      <object_component id="oc-6bb">
         <name>.text:__TI_wrt_ok</name>
         <load_address>0x1003fe8</load_address>
         <run_address>0x1003fe8</run_address>
         <size>0x62</size>
         <input_file_ref idref="fl-dd"/>
      </object_component>
      <object_component id="oc-6e">
         <name>.text:defaultHandler</name>
         <load_address>0x100404a</load_address>
         <run_address>0x100404a</run_address>
         <size>0x2</size>
         <input_file_ref idref="fl-1a"/>
      </object_component>
      <object_component id="oc-89f">
         <name>.text:HOSTopen</name>
         <load_address>0x100404c</load_address>
         <run_address>0x100404c</run_address>
         <size>0x60</size>
         <input_file_ref idref="fl-108"/>
      </object_component>
      <object_component id="oc-248">
         <name>.text:PRCMSysResetCauseGet</name>
         <load_address>0x10040ac</load_address>
         <run_address>0x10040ac</run_address>
         <size>0x60</size>
         <input_file_ref idref="fl-20"/>
      </object_component>
      <object_component id="oc-62b">
         <name>.text:getTimeUsec</name>
         <load_address>0x100410c</load_address>
         <run_address>0x100410c</run_address>
         <size>0x60</size>
         <input_file_ref idref="fl-17"/>
      </object_component>
      <object_component id="oc-1e1">
         <name>.text:GPIO_setCallback</name>
         <load_address>0x100416c</load_address>
         <run_address>0x100416c</run_address>
         <size>0x5c</size>
         <input_file_ref idref="fl-f"/>
      </object_component>
      <object_component id="oc-8cf">
         <name>.text:close</name>
         <load_address>0x10041c8</load_address>
         <run_address>0x10041c8</run_address>
         <size>0x5c</size>
         <input_file_ref idref="fl-117"/>
      </object_component>
      <object_component id="oc-687">
         <name>.text:frexp</name>
         <load_address>0x1004224</load_address>
         <run_address>0x1004224</run_address>
         <size>0x5c</size>
         <input_file_ref idref="fl-fc"/>
      </object_component>
      <object_component id="oc-6e3">
         <name>.text:sysTickInit</name>
         <load_address>0x1004280</load_address>
         <run_address>0x1004280</run_address>
         <size>0x5c</size>
         <input_file_ref idref="fl-17"/>
      </object_component>
      <object_component id="oc-638">
         <name>.text:GPIO_write</name>
         <load_address>0x10042dc</load_address>
         <run_address>0x10042dc</run_address>
         <size>0x58</size>
         <input_file_ref idref="fl-f"/>
      </object_component>
      <object_component id="oc-8ab">
         <name>.text:HOSTread</name>
         <load_address>0x1004334</load_address>
         <run_address>0x1004334</run_address>
         <size>0x58</size>
         <input_file_ref idref="fl-109"/>
      </object_component>
      <object_component id="oc-8b1">
         <name>.text:HOSTwrite</name>
         <load_address>0x100438c</load_address>
         <run_address>0x100438c</run_address>
         <size>0x58</size>
         <input_file_ref idref="fl-10c"/>
      </object_component>
      <object_component id="oc-261">
         <name>.text:PRCMPeripheralReset</name>
         <load_address>0x10043e4</load_address>
         <run_address>0x10043e4</run_address>
         <size>0x58</size>
         <input_file_ref idref="fl-20"/>
      </object_component>
      <object_component id="oc-820">
         <name>.text:Power_releaseDependency</name>
         <load_address>0x100443c</load_address>
         <run_address>0x100443c</run_address>
         <size>0x58</size>
         <input_file_ref idref="fl-10"/>
      </object_component>
      <object_component id="oc-621">
         <name>.text:TimerCC32XX_stop</name>
         <load_address>0x1004494</load_address>
         <run_address>0x1004494</run_address>
         <size>0x56</size>
         <input_file_ref idref="fl-12"/>
      </object_component>
      <object_component id="oc-531">
         <name>.text:_pconv_f</name>
         <load_address>0x10044ea</load_address>
         <run_address>0x10044ea</run_address>
         <size>0x56</size>
         <input_file_ref idref="fl-da"/>
      </object_component>
      <object_component id="oc-65c">
         <name>.text:__TI_ltoa</name>
         <load_address>0x1004540</load_address>
         <run_address>0x1004540</run_address>
         <size>0x54</size>
         <input_file_ref idref="fl-ee"/>
      </object_component>
      <object_component id="oc-700">
         <name>.text:PowerCC32XX_resumeLPDS</name>
         <load_address>0x1004594</load_address>
         <run_address>0x1004594</run_address>
         <size>0x52</size>
         <input_file_ref idref="fl-11"/>
      </object_component>
      <object_component id="oc-66c">
         <name>.text:_ecpy</name>
         <load_address>0x10045e6</load_address>
         <run_address>0x10045e6</run_address>
         <size>0x52</size>
         <input_file_ref idref="fl-da"/>
      </object_component>
      <object_component id="oc-75d">
         <name>.text:initHw</name>
         <load_address>0x1004638</load_address>
         <run_address>0x1004638</run_address>
         <size>0x52</size>
         <input_file_ref idref="fl-12"/>
      </object_component>
      <object_component id="oc-68">
         <name>.text:faultISR</name>
         <load_address>0x100468a</load_address>
         <run_address>0x100468a</run_address>
         <size>0x2</size>
         <input_file_ref idref="fl-1a"/>
      </object_component>
      <object_component id="oc-7a">
         <name>.text:ClockP_sysTickHandler</name>
         <load_address>0x100468c</load_address>
         <run_address>0x100468c</run_address>
         <size>0x50</size>
         <input_file_ref idref="fl-17"/>
      </object_component>
      <object_component id="oc-4a6">
         <name>.text:SemaphoreP_construct</name>
         <load_address>0x10046dc</load_address>
         <run_address>0x10046dc</run_address>
         <size>0x50</size>
         <input_file_ref idref="fl-16"/>
      </object_component>
      <object_component id="oc-751">
         <name>.text:TimerCC32XX_allocateTimerResource</name>
         <load_address>0x100472c</load_address>
         <run_address>0x100472c</run_address>
         <size>0x50</size>
         <input_file_ref idref="fl-12"/>
      </object_component>
      <object_component id="oc-1ed">
         <name>.text:initTimer</name>
         <load_address>0x100477c</load_address>
         <run_address>0x100477c</run_address>
         <size>0x50</size>
         <input_file_ref idref="fl-2"/>
      </object_component>
      <object_component id="oc-1e7">
         <name>.text:GPIO_enableInt</name>
         <load_address>0x10047cc</load_address>
         <run_address>0x10047cc</run_address>
         <size>0x4c</size>
         <input_file_ref idref="fl-f"/>
      </object_component>
      <object_component id="oc-6f7">
         <name>.text:PowerCC32XX_parkPin</name>
         <load_address>0x1004818</load_address>
         <run_address>0x1004818</run_address>
         <size>0x4c</size>
         <input_file_ref idref="fl-10"/>
      </object_component>
      <object_component id="oc-6c7">
         <name>.text:__TI_doflush</name>
         <load_address>0x1004864</load_address>
         <run_address>0x1004864</run_address>
         <size>0x4c</size>
         <input_file_ref idref="fl-fe"/>
      </object_component>
      <object_component id="oc-51a">
         <name>.text:atoi</name>
         <load_address>0x10048b0</load_address>
         <run_address>0x10048b0</run_address>
         <size>0x4c</size>
         <input_file_ref idref="fl-ef"/>
      </object_component>
      <object_component id="oc-5b5">
         <name>.text:restorePeriphClocks</name>
         <load_address>0x10048fc</load_address>
         <run_address>0x10048fc</run_address>
         <size>0x4c</size>
         <input_file_ref idref="fl-10"/>
      </object_component>
      <object_component id="oc-507">
         <name>.text:ClockP_usleep</name>
         <load_address>0x1004948</load_address>
         <run_address>0x1004948</run_address>
         <size>0x48</size>
         <input_file_ref idref="fl-17"/>
      </object_component>
      <object_component id="oc-71b">
         <name>.text:FlashDisable</name>
         <load_address>0x1004990</load_address>
         <run_address>0x1004990</run_address>
         <size>0x48</size>
         <input_file_ref idref="fl-23"/>
      </object_component>
      <object_component id="oc-5c1">
         <name>.text:PRCMLPDSEnter</name>
         <load_address>0x10049d8</load_address>
         <run_address>0x10049d8</run_address>
         <size>0x48</size>
         <input_file_ref idref="fl-20"/>
      </object_component>
      <object_component id="oc-25b">
         <name>.text:PRCMPeripheralClkEnable</name>
         <load_address>0x1004a20</load_address>
         <run_address>0x1004a20</run_address>
         <size>0x48</size>
         <input_file_ref idref="fl-20"/>
      </object_component>
      <object_component id="oc-79c">
         <name>.text:Power_releaseConstraint</name>
         <load_address>0x1004a68</load_address>
         <run_address>0x1004a68</run_address>
         <size>0x48</size>
         <input_file_ref idref="fl-10"/>
      </object_component>
      <object_component id="oc-16d">
         <name>.text:exit</name>
         <load_address>0x1004ab0</load_address>
         <run_address>0x1004ab0</run_address>
         <size>0x48</size>
         <input_file_ref idref="fl-ec"/>
      </object_component>
      <object_component id="oc-657">
         <name>.text</name>
         <load_address>0x1004af8</load_address>
         <run_address>0x1004af8</run_address>
         <size>0x48</size>
         <input_file_ref idref="fl-e3"/>
      </object_component>
      <object_component id="oc-757">
         <name>.text:getPrescaler</name>
         <load_address>0x1004b40</load_address>
         <run_address>0x1004b40</run_address>
         <size>0x46</size>
         <input_file_ref idref="fl-12"/>
      </object_component>
      <object_component id="oc-62">
         <name>.text:nmiISR</name>
         <load_address>0x1004b86</load_address>
         <run_address>0x1004b86</run_address>
         <size>0x2</size>
         <input_file_ref idref="fl-1a"/>
      </object_component>
      <object_component id="oc-4ce">
         <name>.text:ClockP_stop</name>
         <load_address>0x1004b88</load_address>
         <run_address>0x1004b88</run_address>
         <size>0x44</size>
         <input_file_ref idref="fl-17"/>
      </object_component>
      <object_component id="oc-8a5">
         <name>.text:HOSTclose</name>
         <load_address>0x1004bcc</load_address>
         <run_address>0x1004bcc</run_address>
         <size>0x44</size>
         <input_file_ref idref="fl-106"/>
      </object_component>
      <object_component id="oc-8bd">
         <name>.text:HOSTunlink</name>
         <load_address>0x1004c10</load_address>
         <run_address>0x1004c10</run_address>
         <size>0x44</size>
         <input_file_ref idref="fl-10b"/>
      </object_component>
      <object_component id="oc-705">
         <name>.text:PRCMLPDSRestoreInfoSet</name>
         <load_address>0x1004c54</load_address>
         <run_address>0x1004c54</run_address>
         <size>0x44</size>
         <input_file_ref idref="fl-20"/>
      </object_component>
      <object_component id="oc-5aa">
         <name>.text:PowerCC32XX_enterLPDS</name>
         <load_address>0x1004c98</load_address>
         <run_address>0x1004c98</run_address>
         <size>0x44</size>
         <input_file_ref idref="fl-11"/>
      </object_component>
      <object_component id="oc-2ac">
         <name>.text:SemaphoreP_post</name>
         <load_address>0x1004cdc</load_address>
         <run_address>0x1004cdc</run_address>
         <size>0x44</size>
         <input_file_ref idref="fl-16"/>
      </object_component>
      <object_component id="oc-496">
         <name>.text:SwiP_restore</name>
         <load_address>0x1004d20</load_address>
         <run_address>0x1004d20</run_address>
         <size>0x44</size>
         <input_file_ref idref="fl-1b"/>
      </object_component>
      <object_component id="oc-300">
         <name>.text:Timer_init</name>
         <load_address>0x1004d64</load_address>
         <run_address>0x1004d64</run_address>
         <size>0x44</size>
         <input_file_ref idref="fl-e"/>
      </object_component>
      <object_component id="oc-173">
         <name>.text:__TI_auto_init_nobinit_nopinit:__TI_auto_init_nobinit_nopinit</name>
         <load_address>0x1004da8</load_address>
         <run_address>0x1004da8</run_address>
         <size>0x44</size>
         <input_file_ref idref="fl-102"/>
      </object_component>
      <object_component id="oc-904">
         <name>.text:getdevice</name>
         <load_address>0x1004dec</load_address>
         <run_address>0x1004dec</run_address>
         <size>0x44</size>
         <input_file_ref idref="fl-112"/>
      </object_component>
      <object_component id="oc-1f7">
         <name>.text:gpioButtonFxn0</name>
         <load_address>0x1004e30</load_address>
         <run_address>0x1004e30</run_address>
         <size>0x44</size>
         <input_file_ref idref="fl-2"/>
      </object_component>
      <object_component id="oc-273">
         <name>.text:PinModeSet</name>
         <load_address>0x1004e74</load_address>
         <run_address>0x1004e74</run_address>
         <size>0x40</size>
         <input_file_ref idref="fl-1f"/>
      </object_component>
      <object_component id="oc-30c">
         <name>.text:Timer_open</name>
         <load_address>0x1004eb4</load_address>
         <run_address>0x1004eb4</run_address>
         <size>0x40</size>
         <input_file_ref idref="fl-e"/>
      </object_component>
      <object_component id="oc-67f">
         <name>.text:_fcpy</name>
         <load_address>0x1004ef4</load_address>
         <run_address>0x1004ef4</run_address>
         <size>0x3e</size>
         <input_file_ref idref="fl-da"/>
      </object_component>
      <object_component id="oc-592">
         <name>.text</name>
         <load_address>0x1004f32</load_address>
         <run_address>0x1004f32</run_address>
         <size>0x2</size>
         <input_file_ref idref="fl-101"/>
      </object_component>
      <object_component id="oc-39f">
         <name>.text:ClockP_destruct</name>
         <load_address>0x1004f34</load_address>
         <run_address>0x1004f34</run_address>
         <size>0x3c</size>
         <input_file_ref idref="fl-17"/>
      </object_component>
      <object_component id="oc-783">
         <name>.text:Power_setConstraint</name>
         <load_address>0x1004f70</load_address>
         <run_address>0x1004f70</run_address>
         <size>0x3c</size>
         <input_file_ref idref="fl-10"/>
      </object_component>
      <object_component id="oc-5f7">
         <name>.text:TimerCC32XX_close</name>
         <load_address>0x1004fac</load_address>
         <run_address>0x1004fac</run_address>
         <size>0x3a</size>
         <input_file_ref idref="fl-12"/>
      </object_component>
      <object_component id="oc-47a">
         <name>.text:getCountsRTC</name>
         <load_address>0x1004fe6</load_address>
         <run_address>0x1004fe6</run_address>
         <size>0x3a</size>
         <input_file_ref idref="fl-19"/>
      </object_component>
      <object_component id="oc-5c7">
         <name>.text:PRCMLPDSEnterKeepDebugIf</name>
         <load_address>0x1005020</load_address>
         <run_address>0x1005020</run_address>
         <size>0x38</size>
         <input_file_ref idref="fl-20"/>
      </object_component>
      <object_component id="oc-769">
         <name>.text:TimerCC32XX_hwiIntFunction</name>
         <load_address>0x1005058</load_address>
         <run_address>0x1005058</run_address>
         <size>0x38</size>
         <input_file_ref idref="fl-12"/>
      </object_component>
      <object_component id="oc-8e0">
         <name>.text:__TI_writemsg</name>
         <load_address>0x1005090</load_address>
         <run_address>0x1005090</run_address>
         <size>0x38</size>
         <input_file_ref idref="fl-10d"/>
      </object_component>
      <object_component id="oc-dc">
         <name>.text:addToList</name>
         <load_address>0x10050c8</load_address>
         <run_address>0x10050c8</run_address>
         <size>0x38</size>
         <input_file_ref idref="fl-17"/>
      </object_component>
      <object_component id="oc-5a">
         <name>.text:initVectors</name>
         <load_address>0x1005100</load_address>
         <run_address>0x1005100</run_address>
         <size>0x38</size>
         <input_file_ref idref="fl-1a"/>
      </object_component>
      <object_component id="oc-598">
         <name>.text:notify</name>
         <load_address>0x1005138</load_address>
         <run_address>0x1005138</run_address>
         <size>0x38</size>
         <input_file_ref idref="fl-10"/>
      </object_component>
      <object_component id="oc-82c">
         <name>.text:TimerControlStall</name>
         <load_address>0x1005170</load_address>
         <run_address>0x1005170</run_address>
         <size>0x36</size>
         <input_file_ref idref="fl-21"/>
      </object_component>
      <object_component id="oc-926">
         <name>.text:strncpy</name>
         <load_address>0x10051a6</load_address>
         <run_address>0x10051a6</run_address>
         <size>0x36</size>
         <input_file_ref idref="fl-115"/>
      </object_component>
      <object_component id="oc-468">
         <name>.text:ClockP_getTicksUntilInterrupt</name>
         <load_address>0x10051dc</load_address>
         <run_address>0x10051dc</run_address>
         <size>0x34</size>
         <input_file_ref idref="fl-17"/>
      </object_component>
      <object_component id="oc-589">
         <name>.text:ClockP_startup</name>
         <load_address>0x1005210</load_address>
         <run_address>0x1005210</run_address>
         <size>0x34</size>
         <input_file_ref idref="fl-17"/>
      </object_component>
      <object_component id="oc-26d">
         <name>.text:PinModeGet</name>
         <load_address>0x1005244</load_address>
         <run_address>0x1005244</run_address>
         <size>0x34</size>
         <input_file_ref idref="fl-1f"/>
      </object_component>
      <object_component id="oc-747">
         <name>.text:TimerCC32XX_freeTimerResource</name>
         <load_address>0x1005278</load_address>
         <run_address>0x1005278</run_address>
         <size>0x34</size>
         <input_file_ref idref="fl-12"/>
      </object_component>
      <object_component id="oc-85c">
         <name>.text:__TI_cleanup</name>
         <load_address>0x10052ac</load_address>
         <run_address>0x10052ac</run_address>
         <size>0x34</size>
         <input_file_ref idref="fl-ff"/>
      </object_component>
      <object_component id="oc-8e6">
         <name>.text:__TI_readmsg</name>
         <load_address>0x10052e0</load_address>
         <run_address>0x10052e0</run_address>
         <size>0x34</size>
         <input_file_ref idref="fl-10d"/>
      </object_component>
      <object_component id="oc-81a">
         <name>.text:getPowerMgrId</name>
         <load_address>0x1005314</load_address>
         <run_address>0x1005314</run_address>
         <size>0x34</size>
         <input_file_ref idref="fl-12"/>
      </object_component>
      <object_component id="oc-38d">
         <name>.text:ClockP_start</name>
         <load_address>0x1005348</load_address>
         <run_address>0x1005348</run_address>
         <size>0x30</size>
         <input_file_ref idref="fl-17"/>
      </object_component>
      <object_component id="oc-714">
         <name>.text:PowerCC32XX_restoreParkedPin</name>
         <load_address>0x1005378</load_address>
         <run_address>0x1005378</run_address>
         <size>0x30</size>
         <input_file_ref idref="fl-10"/>
      </object_component>
      <object_component id="oc-92c">
         <name>.text:finddevice</name>
         <load_address>0x10053a8</load_address>
         <run_address>0x10053a8</run_address>
         <size>0x30</size>
         <input_file_ref idref="fl-112"/>
      </object_component>
      <object_component id="oc-662">
         <name>.text</name>
         <load_address>0x10053d8</load_address>
         <run_address>0x10053d8</run_address>
         <size>0x2e</size>
         <input_file_ref idref="fl-e4"/>
      </object_component>
      <object_component id="oc-8d5">
         <name>.text:unlink</name>
         <load_address>0x1005408</load_address>
         <run_address>0x1005408</run_address>
         <size>0x2c</size>
         <input_file_ref idref="fl-118"/>
      </object_component>
      <object_component id="oc-2d8">
         <name>.text:HwiP_create</name>
         <load_address>0x1005434</load_address>
         <run_address>0x1005434</run_address>
         <size>0x2a</size>
         <input_file_ref idref="fl-18"/>
      </object_component>
      <object_component id="oc-776">
         <name>.text:TimerLoadSet</name>
         <load_address>0x100545e</load_address>
         <run_address>0x100545e</run_address>
         <size>0x2a</size>
         <input_file_ref idref="fl-21"/>
      </object_component>
      <object_component id="oc-770">
         <name>.text:TimerPrescaleSet</name>
         <load_address>0x1005488</load_address>
         <run_address>0x1005488</run_address>
         <size>0x2a</size>
         <input_file_ref idref="fl-21"/>
      </object_component>
      <object_component id="oc-267">
         <name>.text:PRCMPeripheralClkDisable</name>
         <load_address>0x10054b4</load_address>
         <run_address>0x10054b4</run_address>
         <size>0x28</size>
         <input_file_ref idref="fl-20"/>
      </object_component>
      <object_component id="oc-2a6">
         <name>.text:Power_registerNotify</name>
         <load_address>0x10054dc</load_address>
         <run_address>0x10054dc</run_address>
         <size>0x28</size>
         <input_file_ref idref="fl-10"/>
      </object_component>
      <object_component id="oc-4c6">
         <name>.text:free_list_insert</name>
         <load_address>0x1005504</load_address>
         <run_address>0x1005504</run_address>
         <size>0x28</size>
         <input_file_ref idref="fl-f4"/>
      </object_component>
      <object_component id="oc-854">
         <name>.text:lseek</name>
         <load_address>0x100552c</load_address>
         <run_address>0x100552c</run_address>
         <size>0x28</size>
         <input_file_ref idref="fl-10f"/>
      </object_component>
      <object_component id="oc-6cd">
         <name>.text:write</name>
         <load_address>0x1005554</load_address>
         <run_address>0x1005554</run_address>
         <size>0x28</size>
         <input_file_ref idref="fl-f8"/>
      </object_component>
      <object_component id="oc-3af">
         <name>.text:List_put</name>
         <load_address>0x100557c</load_address>
         <run_address>0x100557c</run_address>
         <size>0x26</size>
         <input_file_ref idref="fl-13"/>
      </object_component>
      <object_component id="oc-80b">
         <name>.text:List_remove</name>
         <load_address>0x10055a2</load_address>
         <run_address>0x10055a2</run_address>
         <size>0x26</size>
         <input_file_ref idref="fl-13"/>
      </object_component>
      <object_component id="oc-4ee">
         <name>.text:HwiP_dispatch</name>
         <load_address>0x10055c8</load_address>
         <run_address>0x10055c8</run_address>
         <size>0x24</size>
         <input_file_ref idref="fl-18"/>
      </object_component>
      <object_component id="oc-c6">
         <name>.text:_c_int00_noargs:_c_int00_noargs</name>
         <load_address>0x10055ec</load_address>
         <run_address>0x10055ec</run_address>
         <size>0x24</size>
         <input_file_ref idref="fl-f7"/>
      </object_component>
      <object_component id="oc-1fd">
         <name>.text:gpioButtonFxn1</name>
         <load_address>0x1005610</load_address>
         <run_address>0x1005610</run_address>
         <size>0x24</size>
         <input_file_ref idref="fl-2"/>
      </object_component>
      <object_component id="oc-631">
         <name>.text:sleepTicks</name>
         <load_address>0x1005634</load_address>
         <run_address>0x1005634</run_address>
         <size>0x24</size>
         <input_file_ref idref="fl-17"/>
      </object_component>
      <object_component id="oc-813">
         <name>.text:HwiP_destruct</name>
         <load_address>0x1005658</load_address>
         <run_address>0x1005658</run_address>
         <size>0x20</size>
         <input_file_ref idref="fl-18"/>
      </object_component>
      <object_component id="oc-735">
         <name>.text:Power_unregisterNotify</name>
         <load_address>0x1005678</load_address>
         <run_address>0x1005678</run_address>
         <size>0x20</size>
         <input_file_ref idref="fl-10"/>
      </object_component>
      <object_component id="oc-6c1">
         <name>.text:memchr</name>
         <load_address>0x1005698</load_address>
         <run_address>0x1005698</run_address>
         <size>0x20</size>
         <input_file_ref idref="fl-f3"/>
      </object_component>
      <object_component id="oc-790">
         <name>.text:TimerDisable</name>
         <load_address>0x10056b8</load_address>
         <run_address>0x10056b8</run_address>
         <size>0x1e</size>
         <input_file_ref idref="fl-21"/>
      </object_component>
      <object_component id="oc-789">
         <name>.text:TimerEnable</name>
         <load_address>0x10056d6</load_address>
         <run_address>0x10056d6</run_address>
         <size>0x1e</size>
         <input_file_ref idref="fl-21"/>
      </object_component>
      <object_component id="oc-6f1">
         <name>.text:PinToPadGet</name>
         <load_address>0x10056f4</load_address>
         <run_address>0x10056f4</run_address>
         <size>0x1c</size>
         <input_file_ref idref="fl-1f"/>
      </object_component>
      <object_component id="oc-45c">
         <name>.text:SwiP_disable</name>
         <load_address>0x1005710</load_address>
         <run_address>0x1005710</run_address>
         <size>0x1c</size>
         <input_file_ref idref="fl-1b"/>
      </object_component>
      <object_component id="oc-48">
         <name>.text:decompress:ZI:__TI_zero_init_nomemset:__TI_zero_init_nomemset</name>
         <load_address>0x100572c</load_address>
         <run_address>0x100572c</run_address>
         <size>0x1c</size>
         <input_file_ref idref="fl-e9"/>
      </object_component>
      <object_component id="oc-4c0">
         <name>.text:free_list_remove</name>
         <load_address>0x1005748</load_address>
         <run_address>0x1005748</run_address>
         <size>0x1c</size>
         <input_file_ref idref="fl-f4"/>
      </object_component>
      <object_component id="oc-543">
         <name>.text:memccpy</name>
         <load_address>0x1005764</load_address>
         <run_address>0x1005764</run_address>
         <size>0x1c</size>
         <input_file_ref idref="fl-f2"/>
      </object_component>
      <object_component id="oc-288">
         <name>.text:SemaphoreP_createBinary</name>
         <load_address>0x1005780</load_address>
         <run_address>0x1005780</run_address>
         <size>0x1a</size>
         <input_file_ref idref="fl-16"/>
      </object_component>
      <object_component id="oc-22">
         <name>.text:resetISR</name>
         <load_address>0x100579c</load_address>
         <run_address>0x100579c</run_address>
         <size>0x1a</size>
         <input_file_ref idref="fl-1a"/>
      </object_component>
      <object_component id="oc-46e">
         <name>.text:Power_getTransitionLatency</name>
         <load_address>0x10057b8</load_address>
         <run_address>0x10057b8</run_address>
         <size>0x18</size>
         <input_file_ref idref="fl-10"/>
      </object_component>
      <object_component id="oc-5da">
         <name>.text:Power_idleFunc</name>
         <load_address>0x10057d0</load_address>
         <run_address>0x10057d0</run_address>
         <size>0x18</size>
         <input_file_ref idref="fl-10"/>
      </object_component>
      <object_component id="oc-603">
         <name>.text:TimerCC32XX_getCount</name>
         <load_address>0x10057e8</load_address>
         <run_address>0x10057e8</run_address>
         <size>0x18</size>
         <input_file_ref idref="fl-12"/>
      </object_component>
      <object_component id="oc-796">
         <name>.text:TimerIntDisable</name>
         <load_address>0x1005800</load_address>
         <run_address>0x1005800</run_address>
         <size>0x18</size>
         <input_file_ref idref="fl-21"/>
      </object_component>
      <object_component id="oc-77d">
         <name>.text:TimerIntEnable</name>
         <load_address>0x1005818</load_address>
         <run_address>0x1005818</run_address>
         <size>0x18</size>
         <input_file_ref idref="fl-21"/>
      </object_component>
      <object_component id="oc-48b">
         <name>.text</name>
         <load_address>0x1005830</load_address>
         <run_address>0x1005830</run_address>
         <size>0x18</size>
         <input_file_ref idref="fl-e5"/>
      </object_component>
      <object_component id="oc-943">
         <name>.text:strcmp</name>
         <load_address>0x1005848</load_address>
         <run_address>0x1005848</run_address>
         <size>0x18</size>
         <input_file_ref idref="fl-113"/>
      </object_component>
      <object_component id="oc-255">
         <name>.text:PRCMHIBRegRead</name>
         <load_address>0x1005860</load_address>
         <run_address>0x1005860</run_address>
         <size>0x16</size>
         <input_file_ref idref="fl-20"/>
      </object_component>
      <object_component id="oc-24f">
         <name>.text:PRCMHIBRegWrite</name>
         <load_address>0x1005876</load_address>
         <run_address>0x1005876</run_address>
         <size>0x16</size>
         <input_file_ref idref="fl-20"/>
      </object_component>
      <object_component id="oc-375">
         <name>.text:SemaphoreP_create</name>
         <load_address>0x100588c</load_address>
         <run_address>0x100588c</run_address>
         <size>0x16</size>
         <input_file_ref idref="fl-16"/>
      </object_component>
      <object_component id="oc-693">
         <name>.text:strchr</name>
         <load_address>0x10058a2</load_address>
         <run_address>0x10058a2</run_address>
         <size>0x16</size>
         <input_file_ref idref="fl-f5"/>
      </object_component>
      <object_component id="oc-a4">
         <name>.text:CPUcpsid</name>
         <load_address>0x10058b8</load_address>
         <run_address>0x10058b8</run_address>
         <size>0x14</size>
         <input_file_ref idref="fl-1d"/>
      </object_component>
      <object_component id="oc-3b6">
         <name>.text:HwiP_inISR</name>
         <load_address>0x10058cc</load_address>
         <run_address>0x10058cc</run_address>
         <size>0x14</size>
         <input_file_ref idref="fl-18"/>
      </object_component>
      <object_component id="oc-b0">
         <name>.text:IntVTableBaseSet</name>
         <load_address>0x10058e0</load_address>
         <run_address>0x10058e0</run_address>
         <size>0x14</size>
         <input_file_ref idref="fl-1e"/>
      </object_component>
      <object_component id="oc-3bc">
         <name>.text:Power_disablePolicy</name>
         <load_address>0x10058f4</load_address>
         <run_address>0x10058f4</run_address>
         <size>0x14</size>
         <input_file_ref idref="fl-10"/>
      </object_component>
      <object_component id="oc-70d">
         <name>.text:Power_getDependencyCount</name>
         <load_address>0x1005908</load_address>
         <run_address>0x1005908</run_address>
         <size>0x14</size>
         <input_file_ref idref="fl-10"/>
      </object_component>
      <object_component id="oc-8fa">
         <name>.text:strcpy</name>
         <load_address>0x100591c</load_address>
         <run_address>0x100591c</run_address>
         <size>0x14</size>
         <input_file_ref idref="fl-114"/>
      </object_component>
      <object_component id="oc-514">
         <name>.text:strlen</name>
         <load_address>0x1005930</load_address>
         <run_address>0x1005930</run_address>
         <size>0x14</size>
         <input_file_ref idref="fl-f6"/>
      </object_component>
      <object_component id="oc-2d2">
         <name>.text:HwiP_Params_init</name>
         <load_address>0x1005944</load_address>
         <run_address>0x1005944</run_address>
         <size>0x12</size>
         <input_file_ref idref="fl-18"/>
      </object_component>
      <object_component id="oc-834">
         <name>.text:TimerIntClear</name>
         <load_address>0x1005956</load_address>
         <run_address>0x1005956</run_address>
         <size>0x12</size>
         <input_file_ref idref="fl-21"/>
      </object_component>
      <object_component id="oc-11b">
         <name>.text:main</name>
         <load_address>0x1005968</load_address>
         <run_address>0x1005968</run_address>
         <size>0x12</size>
         <input_file_ref idref="fl-4"/>
      </object_component>
      <object_component id="oc-549">
         <name>.text:wcslen</name>
         <load_address>0x100597a</load_address>
         <run_address>0x100597a</run_address>
         <size>0x12</size>
         <input_file_ref idref="fl-fb"/>
      </object_component>
      <object_component id="oc-154">
         <name>.text:Board_init</name>
         <load_address>0x100598c</load_address>
         <run_address>0x100598c</run_address>
         <size>0x10</size>
         <input_file_ref idref="fl-3"/>
      </object_component>
      <object_component id="oc-387">
         <name>.text:ClockP_add</name>
         <load_address>0x100599c</load_address>
         <run_address>0x100599c</run_address>
         <size>0x10</size>
         <input_file_ref idref="fl-17"/>
      </object_component>
      <object_component id="oc-456">
         <name>.text:ClockP_getCpuFreq</name>
         <load_address>0x10059ac</load_address>
         <run_address>0x10059ac</run_address>
         <size>0x10</size>
         <input_file_ref idref="fl-17"/>
      </object_component>
      <object_component id="oc-474">
         <name>.text:ClockP_getSystemTicks</name>
         <load_address>0x10059bc</load_address>
         <run_address>0x10059bc</run_address>
         <size>0x10</size>
         <input_file_ref idref="fl-17"/>
      </object_component>
      <object_component id="oc-490">
         <name>.text:ClockP_setTicks</name>
         <load_address>0x10059cc</load_address>
         <run_address>0x10059cc</run_address>
         <size>0x10</size>
         <input_file_ref idref="fl-17"/>
      </object_component>
      <object_component id="oc-741">
         <name>.text:HwiP_delete</name>
         <load_address>0x10059dc</load_address>
         <run_address>0x10059dc</run_address>
         <size>0x10</size>
         <input_file_ref idref="fl-18"/>
      </object_component>
      <object_component id="oc-294">
         <name>.text:HwiP_restore</name>
         <load_address>0x10059ec</load_address>
         <run_address>0x10059ec</run_address>
         <size>0x10</size>
         <input_file_ref idref="fl-18"/>
      </object_component>
      <object_component id="oc-393">
         <name>.text:Power_enablePolicy</name>
         <load_address>0x10059fc</load_address>
         <run_address>0x10059fc</run_address>
         <size>0x10</size>
         <input_file_ref idref="fl-10"/>
      </object_component>
      <object_component id="oc-36f">
         <name>.text:SemaphoreP_Params_init</name>
         <load_address>0x1005a0c</load_address>
         <run_address>0x1005a0c</run_address>
         <size>0x10</size>
         <input_file_ref idref="fl-16"/>
      </object_component>
      <object_component id="oc-306">
         <name>.text:Timer_Params_init</name>
         <load_address>0x1005a1c</load_address>
         <run_address>0x1005a1c</run_address>
         <size>0x10</size>
         <input_file_ref idref="fl-e"/>
      </object_component>
      <object_component id="oc-73b">
         <name>.text:HwiP_clearInterrupt</name>
         <load_address>0x1005a2c</load_address>
         <run_address>0x1005a2c</run_address>
         <size>0xe</size>
         <input_file_ref idref="fl-18"/>
      </object_component>
      <object_component id="oc-28e">
         <name>.text:HwiP_disable</name>
         <load_address>0x1005a3a</load_address>
         <run_address>0x1005a3a</run_address>
         <size>0xe</size>
         <input_file_ref idref="fl-18"/>
      </object_component>
      <object_component id="oc-15a">
         <name>.text:HwiP_enable</name>
         <load_address>0x1005a48</load_address>
         <run_address>0x1005a48</run_address>
         <size>0xe</size>
         <input_file_ref idref="fl-18"/>
      </object_component>
      <object_component id="oc-1b">
         <name>.text:decompress:none:__TI_decompress_none</name>
         <load_address>0x1005a56</load_address>
         <run_address>0x1005a56</run_address>
         <size>0xe</size>
         <input_file_ref idref="fl-ea"/>
      </object_component>
      <object_component id="oc-462">
         <name>.text:Power_getConstraintMask</name>
         <load_address>0x1005a64</load_address>
         <run_address>0x1005a64</run_address>
         <size>0xc</size>
         <input_file_ref idref="fl-10"/>
      </object_component>
      <object_component id="oc-7c6">
         <name>.text:copysign</name>
         <load_address>0x1005a70</load_address>
         <run_address>0x1005a70</run_address>
         <size>0xc</size>
         <input_file_ref idref="fl-110"/>
      </object_component>
      <object_component id="oc-763">
         <name>.text:postNotifyFxn</name>
         <load_address>0x1005a7c</load_address>
         <run_address>0x1005a7c</run_address>
         <size>0xc</size>
         <input_file_ref idref="fl-12"/>
      </object_component>
      <object_component id="oc-318">
         <name>.text:timerCallback</name>
         <load_address>0x1005a88</load_address>
         <run_address>0x1005a88</run_address>
         <size>0xc</size>
         <input_file_ref idref="fl-2"/>
      </object_component>
      <object_component id="oc-399">
         <name>.text:ClockP_isActive</name>
         <load_address>0x1005a94</load_address>
         <run_address>0x1005a94</run_address>
         <size>0xa</size>
         <input_file_ref idref="fl-17"/>
      </object_component>
      <object_component id="oc-54">
         <name>.text:IntMasterDisable</name>
         <load_address>0x1005a9e</load_address>
         <run_address>0x1005a9e</run_address>
         <size>0xa</size>
         <input_file_ref idref="fl-1e"/>
      </object_component>
      <object_component id="oc-312">
         <name>.text:Timer_start</name>
         <load_address>0x1005aa8</load_address>
         <run_address>0x1005aa8</run_address>
         <size>0xa</size>
         <input_file_ref idref="fl-e"/>
      </object_component>
      <object_component id="oc-54f">
         <name>.text:__aeabi_errno_addr</name>
         <load_address>0x1005ab4</load_address>
[...]
         <value>0x1005877</value>
         <object_component_ref idref="oc-24f"/>
      </symbol>
      <symbol id="sm-93b">
         <name>PRCMSysResetCauseGet</name>
         <value>0x10040ad</value>
         <object_component_ref idref="oc-248"/>
      </symbol>
      <symbol id="sm-93c">
         <name>PRCMPeripheralClkDisable</name>
         <value>0x10054b5</value>
         <object_component_ref idref="oc-267"/>
      </symbol>
      <symbol id="sm-93d">
         <name>PRCMHIBRegRead</name>
         <value>0x1005861</value>
         <object_component_ref idref="oc-255"/>
      </symbol>
      <symbol id="sm-985">
         <name>TimerLoadSet</name>
         <value>0x100545f</value>
         <object_component_ref idref="oc-776"/>
      </symbol>
      <symbol id="sm-986">
         <name>TimerDisable</name>
         <value>0x10056b9</value>
         <object_component_ref idref="oc-790"/>
      </symbol>
      <symbol id="sm-987">
         <name>TimerEnable</name>
         <value>0x10056d7</value>
         <object_component_ref idref="oc-789"/>
      </symbol>
      <symbol id="sm-988">
         <name>TimerIntDisable</name>
         <value>0x1005801</value>
         <object_component_ref idref="oc-796"/>
      </symbol>
      <symbol id="sm-989">
         <name>TimerPrescaleSet</name>
         <value>0x1005489</value>
         <object_component_ref idref="oc-770"/>
      </symbol>
      <symbol id="sm-98a">
         <name>TimerControlStall</name>
         <value>0x1005171</value>
         <object_component_ref idref="oc-82c"/>
      </symbol>
      <symbol id="sm-98b">
         <name>TimerIntEnable</name>
         <value>0x1005819</value>
         <object_component_ref idref="oc-77d"/>
      </symbol>
      <symbol id="sm-98c">
         <name>TimerIntClear</name>
         <value>0x1005957</value>
         <object_component_ref idref="oc-834"/>
      </symbol>
      <symbol id="sm-990">
         <name>UtilsDelay</name>
         <value>0x1005acb</value>
         <object_component_ref idref="oc-24e"/>
      </symbol>
      <symbol id="sm-9a0">
         <name>FlashDisable</name>
         <value>0x1004991</value>
         <object_component_ref idref="oc-71b"/>
      </symbol>
      <symbol id="sm-9cc">
         <name>printf</name>
         <value>0x1003eb9</value>
         <object_component_ref idref="oc-321"/>
      </symbol>
      <symbol id="sm-b36">
         <name>__TI_printfi</name>
         <value>0x1000841</value>
         <object_component_ref idref="oc-417"/>
      </symbol>
      <symbol id="sm-b4b">
         <name>putc</name>
         <value>0x1003525</value>
         <object_component_ref idref="oc-56c"/>
      </symbol>
      <symbol id="sm-b4c">
         <name>fputc</name>
         <value>0x1003525</value>
         <object_component_ref idref="oc-56c"/>
      </symbol>
      <symbol id="sm-b6a">
         <name>fputs</name>
         <value>0x1002765</value>
         <object_component_ref idref="oc-565"/>
      </symbol>
      <symbol id="sm-b82">
         <name>__TI_wrt_ok</name>
         <value>0x1003fe9</value>
         <object_component_ref idref="oc-6bb"/>
      </symbol>
      <symbol id="sm-b9e">
         <name>setvbuf</name>
         <value>0x1002c69</value>
         <object_component_ref idref="oc-7e8"/>
      </symbol>
      <symbol id="sm-bb5">
         <name>__aeabi_dsub</name>
         <value>0x1001cd5</value>
         <object_component_ref idref="oc-667"/>
      </symbol>
      <symbol id="sm-bb6">
         <name>__aeabi_dadd</name>
         <value>0x1001cdf</value>
         <object_component_ref idref="oc-667"/>
      </symbol>
      <symbol id="sm-bd8">
         <name>__aeabi_cdcmpeq</name>
         <value>0x1003749</value>
         <object_component_ref idref="oc-526"/>
      </symbol>
      <symbol id="sm-bd9">
         <name>__aeabi_cdcmple</name>
         <value>0x1003749</value>
         <object_component_ref idref="oc-526"/>
      </symbol>
      <symbol id="sm-bda">
         <name>__aeabi_cdrcmple</name>
         <value>0x10037cf</value>
         <object_component_ref idref="oc-652"/>
      </symbol>
      <symbol id="sm-bee">
         <name>__aeabi_ddiv</name>
         <value>0x10023e5</value>
         <object_component_ref idref="oc-64d"/>
      </symbol>
      <symbol id="sm-bf9">
         <name>__aeabi_dmul</name>
         <value>0x1002a89</value>
         <object_component_ref idref="oc-648"/>
      </symbol>
      <symbol id="sm-c03">
         <name>__aeabi_d2iz</name>
         <value>0x1004af9</value>
         <object_component_ref idref="oc-657"/>
      </symbol>
      <symbol id="sm-c0d">
         <name>__aeabi_i2d</name>
         <value>0x10053d9</value>
         <object_component_ref idref="oc-662"/>
      </symbol>
      <symbol id="sm-c16">
         <name>__aeabi_lmul</name>
         <value>0x1005831</value>
         <object_component_ref idref="oc-48b"/>
      </symbol>
      <symbol id="sm-c31">
         <name>memcpy</name>
         <value>0x100323d</value>
         <object_component_ref idref="oc-3c"/>
      </symbol>
      <symbol id="sm-c32">
         <name>__aeabi_memcpy</name>
         <value>0x100323d</value>
         <object_component_ref idref="oc-3c"/>
      </symbol>
      <symbol id="sm-c33">
         <name>__aeabi_memcpy8</name>
         <value>0x100323d</value>
         <object_component_ref idref="oc-3c"/>
      </symbol>
      <symbol id="sm-c34">
         <name>__aeabi_memcpy4</name>
         <value>0x100323d</value>
         <object_component_ref idref="oc-3c"/>
      </symbol>
      <symbol id="sm-c43">
         <name>__aeabi_memset</name>
         <value>0x10039df</value>
         <object_component_ref idref="oc-9e"/>
      </symbol>
      <symbol id="sm-c44">
         <name>memset</name>
         <value>0x10039e5</value>
         <object_component_ref idref="oc-9e"/>
      </symbol>
      <symbol id="sm-c45">
         <name>__aeabi_memset8</name>
         <value>0x10039df</value>
         <object_component_ref idref="oc-9e"/>
      </symbol>
      <symbol id="sm-c46">
         <name>__aeabi_memset4</name>
         <value>0x10039df</value>
         <object_component_ref idref="oc-9e"/>
      </symbol>
      <symbol id="sm-c47">
         <name>__aeabi_memclr8</name>
         <value>0x10039dd</value>
         <object_component_ref idref="oc-9e"/>
      </symbol>
      <symbol id="sm-c48">
         <name>__aeabi_memclr4</name>
         <value>0x10039dd</value>
         <object_component_ref idref="oc-9e"/>
      </symbol>
      <symbol id="sm-c49">
         <name>__aeabi_memclr</name>
         <value>0x10039dd</value>
         <object_component_ref idref="oc-9e"/>
      </symbol>
      <symbol id="sm-c56">
         <name>__aeabi_uldivmod</name>
         <value>0x1003371</value>
         <object_component_ref idref="oc-480"/>
      </symbol>
      <symbol id="sm-c6a">
         <name>__TI_zero_init_nomemset</name>
         <value>0x100572d</value>
         <object_component_ref idref="oc-48"/>
      </symbol>
      <symbol id="sm-c81">
         <name>__TI_decompress_none</name>
         <value>0x1005a57</value>
         <object_component_ref idref="oc-1b"/>
      </symbol>
      <symbol id="sm-ca4">
         <name>__TI_decompress_lzss</name>
         <value>0x1003e51</value>
         <object_component_ref idref="oc-15"/>
      </symbol>
      <symbol id="sm-cca">
         <name>C$$EXIT</name>
         <value>0x1005ae5</value>
         <object_component_ref idref="oc-167"/>
      </symbol>
      <symbol id="sm-ccb">
         <name>abort</name>
         <value>0x1005ae5</value>
         <object_component_ref idref="oc-167"/>
      </symbol>
      <symbol id="sm-ccc">
         <name>__TI_dtors_ptr</name>
         <value>0x20008a6c</value>
         <object_component_ref idref="oc-205"/>
      </symbol>
      <symbol id="sm-ccd">
         <name>__TI_cleanup_ptr</name>
         <value>0x20008a68</value>
         <object_component_ref idref="oc-205"/>
      </symbol>
      <symbol id="sm-cce">
         <name>__TI_enable_exit_profile_output</name>
         <value>0x20008a70</value>
         <object_component_ref idref="oc-205"/>
      </symbol>
      <symbol id="sm-ccf">
         <name>exit</name>
         <value>0x1004ab1</value>
         <object_component_ref idref="oc-16d"/>
      </symbol>
      <symbol id="sm-ce4">
         <name>_nop</name>
         <value>0x1003407</value>
         <object_component_ref idref="oc-32b"/>
      </symbol>
      <symbol id="sm-ce5">
         <name>_lock</name>
         <value>0x20008a80</value>
         <object_component_ref idref="oc-208"/>
      </symbol>
      <symbol id="sm-ce6">
         <name>_unlock</name>
         <value>0x20008a84</value>
         <object_component_ref idref="oc-208"/>
      </symbol>
      <symbol id="sm-cf5">
         <name>__TI_ltoa</name>
         <value>0x1004541</value>
         <object_component_ref idref="oc-65c"/>
      </symbol>
      <symbol id="sm-d0b">
         <name>atoi</name>
         <value>0x10048b1</value>
         <object_component_ref idref="oc-51a"/>
      </symbol>
      <symbol id="sm-d16">
         <name>_ctypes_</name>
         <value>0x1005ae8</value>
         <object_component_ref idref="oc-641"/>
      </symbol>
      <symbol id="sm-d2b">
         <name>__TI_tmpnams</name>
         <value>0x20008d04</value>
      </symbol>
      <symbol id="sm-d2c">
         <name>__aeabi_stdout</name>
         <value>0x20008a60</value>
         <object_component_ref idref="oc-899"/>
      </symbol>
      <symbol id="sm-d2d">
         <name>__aeabi_stderr</name>
         <value>0x20008a64</value>
         <object_component_ref idref="oc-899"/>
      </symbol>
      <symbol id="sm-d2e">
         <name>__aeabi_stdin</name>
         <value>0x20008a5c</value>
         <object_component_ref idref="oc-899"/>
      </symbol>
      <symbol id="sm-d2f">
         <name>_ftable</name>
         <value>0x20008880</value>
         <object_component_ref idref="oc-41d"/>
      </symbol>
      <symbol id="sm-d30">
         <name>__TI_ft_end</name>
         <value>0x20008a58</value>
         <object_component_ref idref="oc-899"/>
      </symbol>
      <symbol id="sm-d40">
         <name>memccpy</name>
         <value>0x1005765</value>
         <object_component_ref idref="oc-543"/>
      </symbol>
      <symbol id="sm-d50">
         <name>memchr</name>
         <value>0x1005699</value>
         <object_component_ref idref="oc-6c1"/>
      </symbol>
      <symbol id="sm-dd9">
         <name>_sys_memory</name>
         <value>0x20000310</value>
         <object_component_ref idref="oc-2b"/>
      </symbol>
      <symbol id="sm-dda">
         <name>free</name>
         <value>0x1002b85</value>
         <object_component_ref idref="oc-380"/>
      </symbol>
      <symbol id="sm-ddb">
         <name>memalign</name>
         <value>0x1002989</value>
         <object_component_ref idref="oc-4e4"/>
      </symbol>
      <symbol id="sm-ddc">
         <name>malloc</name>
         <value>0x1005abd</value>
         <object_component_ref idref="oc-3db"/>
      </symbol>
      <symbol id="sm-ddd">
         <name>aligned_alloc</name>
         <value>0x1002989</value>
         <object_component_ref idref="oc-4e4"/>
      </symbol>
      <symbol id="sm-ded">
         <name>strchr</name>
         <value>0x10058a3</value>
         <object_component_ref idref="oc-693"/>
      </symbol>
      <symbol id="sm-dfb">
         <name>strlen</name>
         <value>0x1005931</value>
         <object_component_ref idref="oc-514"/>
      </symbol>
      <symbol id="sm-e0d">
         <name>__stack</name>
         <value>0x2003f000</value>
         <object_component_ref idref="oc-2e"/>
      </symbol>
      <symbol id="sm-e0e">
         <name>_c_int00_noargs</name>
         <value>0x10055ed</value>
         <object_component_ref idref="oc-c6"/>
      </symbol>
      <symbol id="sm-e28">
         <name>write</name>
         <value>0x1005555</value>
         <object_component_ref idref="oc-6cd"/>
      </symbol>
      <symbol id="sm-e39">
         <name>_stream</name>
         <value>0x200089e8</value>
         <object_component_ref idref="oc-7f4"/>
      </symbol>
      <symbol id="sm-e3a">
         <name>_device</name>
         <value>0x20008970</value>
         <object_component_ref idref="oc-86f"/>
      </symbol>
      <symbol id="sm-e50">
         <name>__aeabi_errno_addr</name>
         <value>0x1005ab5</value>
         <object_component_ref idref="oc-54f"/>
      </symbol>
      <symbol id="sm-e51">
         <name>errno</name>
         <value>0x20008ab0</value>
         <object_component_ref idref="oc-6a3"/>
      </symbol>
      <symbol id="sm-e6a">
         <name>wcslen</name>
         <value>0x100597b</value>
         <object_component_ref idref="oc-549"/>
      </symbol>
      <symbol id="sm-e8a">
         <name>frexpl</name>
         <value>0x1004225</value>
         <object_component_ref idref="oc-687"/>
      </symbol>
      <symbol id="sm-e8b">
         <name>frexp</name>
         <value>0x1004225</value>
         <object_component_ref idref="oc-687"/>
      </symbol>
      <symbol id="sm-ea9">
         <name>scalbn</name>
         <value>0x1002d45</value>
         <object_component_ref idref="oc-68d"/>
      </symbol>
      <symbol id="sm-eaa">
         <name>scalbnl</name>
         <value>0x1002d45</value>
         <object_component_ref idref="oc-68d"/>
      </symbol>
      <symbol id="sm-eab">
         <name>ldexpl</name>
         <value>0x1002d45</value>
         <object_component_ref idref="oc-68d"/>
      </symbol>
      <symbol id="sm-eac">
         <name>ldexp</name>
         <value>0x1002d45</value>
         <object_component_ref idref="oc-68d"/>
      </symbol>
      <symbol id="sm-ebc">
         <name>__TI_doflush</name>
         <value>0x1004865</value>
         <object_component_ref idref="oc-6c7"/>
      </symbol>
      <symbol id="sm-ecc">
         <name>__TI_cleanup</name>
         <value>0x10052ad</value>
         <object_component_ref idref="oc-85c"/>
      </symbol>
      <symbol id="sm-ede">
         <name>fseek</name>
         <value>0x1003f85</value>
         <object_component_ref idref="oc-7e2"/>
      </symbol>
      <symbol id="sm-ee8">
         <name>__aeabi_idiv0</name>
         <value>0x1004f33</value>
         <object_component_ref idref="oc-592"/>
      </symbol>
      <symbol id="sm-ee9">
         <name>__aeabi_ldiv0</name>
         <value>0x1004f33</value>
         <object_component_ref idref="oc-592"/>
      </symbol>
      <symbol id="sm-f11">
         <name>__TI_auto_init_nobinit_nopinit</name>
         <value>0x1004da9</value>
         <object_component_ref idref="oc-173"/>
      </symbol>
      <symbol id="sm-f1b">
         <name>_system_pre_init</name>
         <value>0x1005ae1</value>
         <object_component_ref idref="oc-115"/>
      </symbol>
      <symbol id="sm-f2e">
         <name>HOSTclose</name>
         <value>0x1004bcd</value>
         <object_component_ref idref="oc-8a5"/>
      </symbol>
      <symbol id="sm-f3f">
         <name>HOSTlseek</name>
         <value>0x1003de9</value>
         <object_component_ref idref="oc-8b7"/>
      </symbol>
      <symbol id="sm-f51">
         <name>parmbuf</name>
         <value>0x20008e2d</value>
      </symbol>
      <symbol id="sm-f52">
         <name>HOSTopen</name>
         <value>0x100404d</value>
         <object_component_ref idref="oc-89f"/>
      </symbol>
      <symbol id="sm-f63">
         <name>HOSTread</name>
         <value>0x1004335</value>
         <object_component_ref idref="oc-8ab"/>
      </symbol>
      <symbol id="sm-f74">
         <name>HOSTrename</name>
         <value>0x1003d11</value>
         <object_component_ref idref="oc-8c3"/>
      </symbol>
      <symbol id="sm-f85">
         <name>HOSTunlink</name>
         <value>0x1004c11</value>
         <object_component_ref idref="oc-8bd"/>
      </symbol>
      <symbol id="sm-f96">
         <name>HOSTwrite</name>
         <value>0x100438d</value>
         <object_component_ref idref="oc-8b1"/>
      </symbol>
      <symbol id="sm-fba">
         <name>__TI_readmsg</name>
         <value>0x10052e1</value>
         <object_component_ref idref="oc-8e6"/>
      </symbol>
      <symbol id="sm-fbb">
         <name>C$$IO$$</name>
         <value>0x10050bf</value>
         <object_component_ref idref="oc-8e0"/>
      </symbol>
      <symbol id="sm-fbc">
         <name>__CIOBUF_</name>
         <value>0x20008be4</value>
         <object_component_ref idref="oc-90e"/>
      </symbol>
      <symbol id="sm-fbd">
         <name>__TI_writemsg</name>
         <value>0x1005091</value>
         <object_component_ref idref="oc-8e0"/>
      </symbol>
      <symbol id="sm-fce">
         <name>lseek</name>
         <value>0x100552d</value>
         <object_component_ref idref="oc-854"/>
      </symbol>
      <symbol id="sm-fd8">
         <name>copysign</name>
         <value>0x1005a71</value>
         <object_component_ref idref="oc-7c6"/>
      </symbol>
      <symbol id="sm-fd9">
         <name>copysignl</name>
         <value>0x1005a71</value>
         <object_component_ref idref="oc-7c6"/>
      </symbol>
      <symbol id="sm-fee">
         <name>__TI_closefile</name>
         <value>0x1003b49</value>
         <object_component_ref idref="oc-893"/>
      </symbol>
      <symbol id="sm-1011">
         <name>finddevice</name>
         <value>0x10053a9</value>
         <object_component_ref idref="oc-92c"/>
      </symbol>
      <symbol id="sm-1012">
         <name>getdevice</name>
         <value>0x1004ded</value>
         <object_component_ref idref="oc-904"/>
      </symbol>
      <symbol id="sm-1021">
         <name>strcmp</name>
         <value>0x1005849</value>
         <object_component_ref idref="oc-943"/>
      </symbol>
      <symbol id="sm-102f">
         <name>strcpy</name>
         <value>0x100591d</value>
         <object_component_ref idref="oc-8fa"/>
      </symbol>
      <symbol id="sm-103f">
         <name>strncpy</name>
         <value>0x10051a7</value>
         <object_component_ref idref="oc-926"/>
      </symbol>
      <symbol id="sm-1054">
         <name>close</name>
         <value>0x10041c9</value>
         <object_component_ref idref="oc-8cf"/>
      </symbol>
      <symbol id="sm-1064">
         <name>unlink</name>
         <value>0x1005409</value>
         <object_component_ref idref="oc-8d5"/>
      </symbol>
      <symbol id="sm-1065">
         <name>__TI_static_base__</name>
         <value>0x1005ed8</value>
      </symbol>
      <symbol id="sm-1068">
         <name>ITM_flush</name>
         <value>0x0</value>
      </symbol>
      <symbol id="sm-1069">
         <name>ITM_restore</name>
         <value>0x0</value>
      </symbol>
      <symbol id="sm-106a">
         <name>__mpu_init</name>
         <value>0x0</value>
      </symbol>
      <symbol id="sm-106b">
         <name>_system_post_cinit</name>
         <value>0x0</value>
      </symbol>
      <symbol id="sm-106c">
         <name>usleep</name>
         <value>0x1004949</value>
      </symbol>
      <symbol id="sm-106d">
         <name>NoRTOS_start</name>
         <value>0x1005a49</value>
      </symbol>
      <symbol id="sm-106e">
         <name>remove</name>
         <value>0x1005409</value>
      </symbol>
   </symbol_table>
   <title>Link successful</title>
</link_info>
